[sanket.raut@DM1385 day3]$ git clone https://github.com/sanket-raut/day3_Assignment.git
Cloning into 'day3_Assignment'...
remote: Enumerating objects: 18, done.
remote: Counting objects: 100% (18/18), done.
remote: Compressing objects: 100% (11/11), done.
remote: Total 18 (delta 4), reused 0 (delta 0), pack-reused 0
Unpacking objects: 100% (18/18), done.
[sanket.raut@DM1385 day3]$ cd 
day3_Assignment/ .git/            
[sanket.raut@DM1385 day3]$ cd 
day3_Assignment/ .git/            
[sanket.raut@DM1385 day3]$ cd day3_Assignment/
[sanket.raut@DM1385 day3_Assignment]$ git status
On branch main
Your branch is up to date with 'origin/main'.

nothing to commit, working tree clean
[sanket.raut@DM1385 day3_Assignment]$ git status
On branch main
Your branch is up to date with 'origin/main'.

Untracked files:
  (use "git add <file>..." to include in what will be committed)

	Argument.java
	ArrayOP.java
	BankAccount.java
	d1.doc
	d2.doc
	d3.doc

nothing added to commit but untracked files present (use "git add" to track)
[sanket.raut@DM1385 day3_Assignment]$ git add * .java
fatal: pathspec '.java' did not match any files
[sanket.raut@DM1385 day3_Assignment]$ git add *.java
[sanket.raut@DM1385 day3_Assignment]$ git status
On branch main
Your branch is up to date with 'origin/main'.

Changes to be committed:
  (use "git reset HEAD <file>..." to unstage)

	new file:   Argument.java
	new file:   ArrayOP.java
	new file:   BankAccount.java

Untracked files:
  (use "git add <file>..." to include in what will be committed)

	d1.doc
	d2.doc
	d3.doc

[sanket.raut@DM1385 day3_Assignment]$ touch .gitignore
[sanket.raut@DM1385 day3_Assignment]$ gedit .gitignore 
[sanket.raut@DM1385 day3_Assignment]$ git status
On branch main
Your branch is up to date with 'origin/main'.

Changes to be committed:
  (use "git reset HEAD <file>..." to unstage)

	new file:   Argument.java
	new file:   ArrayOP.java
	new file:   BankAccount.java

Untracked files:
  (use "git add <file>..." to include in what will be committed)

	.gitignore

[sanket.raut@DM1385 day3_Assignment]$ git commit -m "day3 first commit"
[main 7c12ee7] day3 first commit
 Committer: Sanket Raut <sanket.raut@DM1385.datametica.com>
Your name and email address were configured automatically based
on your username and hostname. Please check that they are accurate.
You can suppress this message by setting them explicitly. Run the
following command and follow the instructions in your editor to edit
your configuration file:

    git config --global --edit

After doing this, you may fix the identity used for this commit with:

    git commit --amend --reset-author

 3 files changed, 173 insertions(+)
 create mode 100644 Argument.java
 create mode 100644 ArrayOP.java
 create mode 100644 BankAccount.java
[sanket.raut@DM1385 day3_Assignment]$ git status
On branch main
Your branch is ahead of 'origin/main' by 1 commit.
  (use "git push" to publish your local commits)

Untracked files:
  (use "git add <file>..." to include in what will be committed)

	.gitignore

nothing added to commit but untracked files present (use "git add" to track)
[sanket.raut@DM1385 day3_Assignment]$ git status
On branch main
Your branch is ahead of 'origin/main' by 1 commit.
  (use "git push" to publish your local commits)

Changes not staged for commit:
  (use "git add <file>..." to update what will be committed)
  (use "git checkout -- <file>..." to discard changes in working directory)

	modified:   Argument.java

Untracked files:
  (use "git add <file>..." to include in what will be committed)

	.gitignore

no changes added to commit (use "git add" and/or "git commit -a")
[sanket.raut@DM1385 day3_Assignment]$ git commit -m "day3 second commit"
On branch main
Your branch is ahead of 'origin/main' by 1 commit.
  (use "git push" to publish your local commits)

Changes not staged for commit:
	modified:   Argument.java

Untracked files:
	.gitignore

no changes added to commit
[sanket.raut@DM1385 day3_Assignment]$ git commit -a -m "day3 second commit"
[main 9838174] day3 second commit
 Committer: Sanket Raut <sanket.raut@DM1385.datametica.com>
Your name and email address were configured automatically based
on your username and hostname. Please check that they are accurate.
You can suppress this message by setting them explicitly. Run the
following command and follow the instructions in your editor to edit
your configuration file:

    git config --global --edit

After doing this, you may fix the identity used for this commit with:

    git commit --amend --reset-author

 1 file changed, 1 insertion(+)
[sanket.raut@DM1385 day3_Assignment]$ git status
On branch main
Your branch is ahead of 'origin/main' by 2 commits.
  (use "git push" to publish your local commits)

Untracked files:
  (use "git add <file>..." to include in what will be committed)

	.gitignore

nothing added to commit but untracked files present (use "git add" to track)
[sanket.raut@DM1385 day3_Assignment]$ git status
On branch main
Your branch is ahead of 'origin/main' by 2 commits.
  (use "git push" to publish your local commits)

Changes not staged for commit:
  (use "git add <file>..." to update what will be committed)
  (use "git checkout -- <file>..." to discard changes in working directory)

	modified:   ArrayOP.java

Untracked files:
  (use "git add <file>..." to include in what will be committed)

	.gitignore

no changes added to commit (use "git add" and/or "git commit -a")
[sanket.raut@DM1385 day3_Assignment]$ git commit -a -m "day3 third commit"
[main 3674f19] day3 third commit
 Committer: Sanket Raut <sanket.raut@DM1385.datametica.com>
Your name and email address were configured automatically based
on your username and hostname. Please check that they are accurate.
You can suppress this message by setting them explicitly. Run the
following command and follow the instructions in your editor to edit
your configuration file:

    git config --global --edit

After doing this, you may fix the identity used for this commit with:

    git commit --amend --reset-author

 1 file changed, 1 insertion(+)
[sanket.raut@DM1385 day3_Assignment]$ git status
On branch main
Your branch is ahead of 'origin/main' by 3 commits.
  (use "git push" to publish your local commits)

Untracked files:
  (use "git add <file>..." to include in what will be committed)

	.gitignore

nothing added to commit but untracked files present (use "git add" to track)
[sanket.raut@DM1385 day3_Assignment]$ git log
commit 3674f194eed6fed40f91ad66a6e83d8dcf353efb (HEAD -> main)
Author: Sanket Raut <sanket.raut@DM1385.datametica.com>
Date:   Thu Nov 25 15:02:54 2021 +0530

    day3 third commit

commit 9838174feb551c18726c00e2604b39074287529b
Author: Sanket Raut <sanket.raut@DM1385.datametica.com>
Date:   Thu Nov 25 15:00:29 2021 +0530

    day3 second commit

commit 7c12ee7dffa79c4ffb72dc1e1989028377d8275d
Author: Sanket Raut <sanket.raut@DM1385.datametica.com>
Date:   Thu Nov 25 14:55:33 2021 +0530

    day3 first commit

commit 6694a6c6de048085451970ca0d59390b26f67e0c (origin/main, origin/HEAD)
Author: sanket-raut <94887307+sanket-raut@users.noreply.github.com>
Date:   Thu Nov 25 14:42:16 2021 +0530

    Create t5.txt

commit a49866d2cfc8f69af15436a47daedb89170f8ba7
Author: sanket-raut <94887307+sanket-raut@users.noreply.github.com>
Date:   Thu Nov 25 14:41:57 2021 +0530

    Create t4.txt

commit 0c26ec38d417e9931c00c57561ff3e70ffab8db2
Author: sanket-raut <94887307+sanket-raut@users.noreply.github.com>
Date:   Thu Nov 25 14:41:38 2021 +0530

    Create t3.txt

commit a482f2d76e530045a27d2d1b5a7321f07a7ec144
Author: sanket-raut <94887307+sanket-raut@users.noreply.github.com>
Date:   Thu Nov 25 14:41:20 2021 +0530

    Create t2.txt

commit b3792abb63dd772a25477fcab4f1e7813f6efc81
Author: sanket-raut <94887307+sanket-raut@users.noreply.github.com>
Date:   Thu Nov 25 14:38:37 2021 +0530

    Create t1.txt

commit 337a11d3d7860347d73e7dd99c37ec2e235d7d5e
Author: sanket-raut <94887307+sanket-raut@users.noreply.github.com>
Date:   Thu Nov 25 14:38:02 2021 +0530

    Initial commit

[1]+  Stopped                 git log
[sanket.raut@DM1385 day3_Assignment]$ git diff 337a11d3d7860347d73e7dd99c37ec2e235d7d5e
diff --git a/Argument.java b/Argument.java
new file mode 100644
index 0000000..c5139e9
--- /dev/null
+++ b/Argument.java
@@ -0,0 +1,28 @@
+package Assignments;
+
+public class Argument
+{
+    public static void main(String[] args)
+    {
+        for(int i=0; i<args.length; i++)
+        {
+            System.out.println(args[i]+ "\t");
+        }
+
+        int a = Integer.parseInt(args[0]);
+        int b = Integer.parseInt(args[1]);
+
+        int nextterm;
+        System.out.println();
+        System.out.println("next term are:");
+
+        for (int i=2; i<15; i++)
+        {
+            nextterm = a+b;
+            System.out.println(nextterm+"\t");
+            a = b;
+            b = nextterm;
+        }
+               System.out.println("thank you.")
+    }
+}
diff --git a/ArrayOP.java b/ArrayOP.java
new file mode 100644
index 0000000..91abefb
--- /dev/null
+++ b/ArrayOP.java
@@ -0,0 +1,30 @@
+package Assignments;
+
+public class ArrayOP {
+    public static void main(String[] args){
+        int arr[];
+        arr = new int[]{3,2,4,5,6,4,5,7,3,2,3,4,7,1,2,0,0,0};
+        System.out.println(arr.length);
+        int sum = 0;
+        int avg;
+        int min=arr[0];
+
+        for(int i=0;i<15;i++)
+        {
+            sum+=arr[i];
+            min = Math.min(min, arr[i]);
+
+        }
+        avg = sum/15;
+        arr[15] = sum;
+        arr[16] = (int)avg;
+        arr[17]= min;
diff --git a/Argument.java b/Argument.java
new file mode 100644
index 0000000..c5139e9
--- /dev/null
+++ b/Argument.java
@@ -0,0 +1,28 @@
+package Assignments;
+
+public class Argument
+{
+    public static void main(String[] args)
+    {
+        for(int i=0; i<args.length; i++)
+        {
+            System.out.println(args[i]+ "\t");
+        }
+
+
diff --git a/Argument.java b/Argument.java
new file mode 100644
index 0000000..c5139e9
--- /dev/null
+++ b/Argument.java
@@ -0,0 +1,28 @@
+package Assignments;
+
+public class Argument
+{
+    public static void main(String[] args)
+    {
+        for(int i=0; i<args.length; i++)
+        {
+            System.out.println(args[i]+ "\t");
+        }
+
+        int a = Integer.parseInt(args[0]);
+        int b = Integer.parseInt(args[1]);
+
+        int nextterm;
+        System.out.println();
+        System.out.println("next term are:");
+
+        for (int i=2; i<15; i++)
+        {
+            nextterm = a+b;
+            System.out.println(nextterm+"\t");
+            a = b;
+            b = nextterm;
+        }
+               System.out.println("thank you.")
+    }
+}
diff --git a/ArrayOP.java b/ArrayOP.java
new file mode 100644
index 0000000..91abefb
--- /dev/null
+++ b/ArrayOP.java
@@ -0,0 +1,30 @@
+package Assignments;
+
+public class ArrayOP {
+    public static void main(String[] args){
+        int arr[];
+        arr = new int[]{3,2,4,5,6,4,5,7,3,2,3,4,7,1,2,0,0,0};
+        System.out.println(arr.length);
+        int sum = 0;
+        int avg;
+        int min=arr[0];
+
+        for(int i=0;i<15;i++)
+        {
+            sum+=arr[i];
+            min = Math.min(min, arr[i]);
+
+        }
+        avg = sum/15;
+        arr[15] = sum;
+        arr[16] = (int)avg;
+        arr[17]= min;
+
+        for (int i : arr)
+        {
+            System.out.print(i+" ");
+        }
+               System.out.println("........................")
+    }
+
+}
diff --git a/BankAccount.java b/BankAccount.java
new file mode 100644
index 0000000..e2396e2
--- /dev/null
+++ b/BankAccount.java
@@ -0,0 +1,117 @@
+package Assignments;
+
+public class BankAccount {
+    int acc_no ;
+    String Cust_Name, acc_Type;
+    float balance;
+
+
+    public BankAccount(int acc_no,String cust_Name,String acc_Type,float balance)
+    {
+        if (balance<0) {
+            try {
+                throw new NegativeAmountException(" Negative Balance:");
+            } catch (NegativeAmountException e) {
+                System.out.println("Exception:" + e.getMessage());
+            }
+
+        }else if(acc_Type.equals("saving")&& balance<5000)
+        {
+            try
+            {
+                throw new InsufficientFunds("Minimun balance required is rs: 5000");
+
+            }catch (InsufficientFunds e)
+            {
+                System.out.println("Exception: "+e.getMessage());
+            }
+        }
+        else if (acc_Type.equals("Current")&& balance<1000)
+        {
+            try {
+                throw new InsufficientFunds("Minimun balance required is rs: 1000");
+            }
+            catch (InsufficientFunds e)
+            {
+                System.out.println("Exception: "+e.getMessage());
+            }
+        }
+        else {
+            this.acc_no = acc_no;
+            this.Cust_Name = cust_Name;
+            this.acc_Type = acc_Type;
+            this.balance = balance;
+        }
+    }
+
+    void deposit(float amt)
+    {
+        if(amt<0)
+        {
+            try{
+                throw new NegativeAmountException("Amount not be negative:");
+            }
+            catch (NegativeAmountException e)
+            {
+                System.out.println("Exception: "+e.getMessage());
+            }
+        }
+        else
+        {
+            this.balance += amt;
+            System.out.println("*************");
+            System.out.println("Amount creadited to your account:");
+            System.out.println("Your Account balace is:"+this.balance);
+            System.out.println("*************");
+        }
+    }
+
+    void Withdraw(float amt)
+    {
+        if(amt<0)
+        {
+            try
+            {
+                throw new NegativeAmountException("Amount not be negative:");
+            }
+            catch (NegativeAmountException e)
+            {
+                System.out.println("Exception: "+e.getMessage());
+            }
+        }
+        else if ((this.acc_Type.equals("Saving")&& (this.balance<5000)) || (this.acc_Type.equals("Current") && (this.balance <1000)))
+        {
+            try {
+                throw new InsufficientFunds("Low account balance: ");
+            } catch (InsufficientFunds e) {
+                System.out.println("Exception: " + e.getMessage());
+            }
+        }
+        else{
+            this.balance -= amt;
+            System.out.println("*************");
+            System.out.println("Amount debited from your account:");
+            System.out.println("Your Account balace is:"+this.balance);
+            System.out.println("*************");
+        }
+    }
+
+    float getBalance(){
+        if((this.acc_Type.equals("Saving") && this.balance<5000) || (this.acc_Type.equals("Current") && this.balance <1000))
+        {
+            try {
+                throw new LowBalanceException("Your account balance is less than your balance limit:");
+            }
+            catch (LowBalanceException e)
+            {
+                System.out.println("Exception: "+e.getMessage());
+            }
+        }
+        System.out.println("*************");
+        System.out.println("Account Holder name : "+this.Cust_Name);
+        System.out.println("Account Number: "+this.acc_no);
+        System.out.println("Account Type: "+this.acc_Type);
+        return this.balance;
+
+    }
+}
diff --git a/t1.txt b/t1.txt
new file mode 100644
index 0000000..4a1b030
--- /dev/null
+++ b/t1.txt
@@ -0,0 +1 @@
+file 1:
diff --git a/t2.txt b/t2.txt
new file mode 100644
+    }
+}
diff --git a/t1.txt b/t1.txt
new file mode 100644
index 0000000..4a1b030
--- /dev/null
+++ b/t1.txt
@@ -0,0 +1 @@
+file 1:
diff --git a/t2.txt b/t2.txt
new file mode 100644
index 0000000..fac580e
--- /dev/null
+++ b/t2.txt
@@ -0,0 +1 @@
+file 2
diff --git a/t3.txt b/t3.txt
new file mode 100644
index 0000000..dc43ed8
--- /dev/null
+++ b/t3.txt
@@ -0,0 +1 @@
+file 3
diff --git a/t4.txt b/t4.txt
new file mode 100644
index 0000000..4b24a15
--- /dev/null
+++ b/t4.txt
@@ -0,0 +1 @@
+file 4
diff --git a/t5.txt b/t5.txt
new file mode 100644
index 0000000..d2d8a5a
--- /dev/null
+++ b/t5.txt
@@ -0,0 +1 @@
+file 5

[2]+  Stopped                 git diff 337a11d3d7860347d73e7dd99c37ec2e235d7d5e
[sanket.raut@DM1385 day3_Assignment]$ git status
On branch main
Your branch is ahead of 'origin/main' by 3 commits.
  (use "git push" to publish your local commits)

Changes not staged for commit:
  (use "git add/rm <file>..." to update what will be committed)
  (use "git checkout -- <file>..." to discard changes in working directory)

	deleted:    t1.txt
	deleted:    t2.txt

Untracked files:
  (use "git add <file>..." to include in what will be committed)

	.gitignore

no changes added to commit (use "git add" and/or "git commit -a")
[sanket.raut@DM1385 day3_Assignment]$ git rm t1.txt
rm 't1.txt'
[sanket.raut@DM1385 day3_Assignment]$ git rm t2.txt
rm 't2.txt'
[sanket.raut@DM1385 day3_Assignment]$ git status
On branch main
Your branch is ahead of 'origin/main' by 3 commits.
  (use "git push" to publish your local commits)

Changes to be committed:
  (use "git reset HEAD <file>..." to unstage)

	deleted:    t1.txt
	deleted:    t2.txt

Untracked files:
  (use "git add <file>..." to include in what will be committed)

	.gitignore

[sanket.raut@DM1385 day3_Assignment]$ git fetch origin master
fatal: couldn't find remote ref master
[sanket.raut@DM1385 day3_Assignment]$ git remote
origin
[sanket.raut@DM1385 day3_Assignment]$ git branch
* main
[sanket.raut@DM1385 day3_Assignment]$ git fetch origin main
From https://github.com/sanket-raut/day3_Assignment
 * branch            main       -> FETCH_HEAD
[sanket.raut@DM1385 day3_Assignment]$ ls
Argument.java  BankAccount.java  d2.doc  README.md  t4.txt
ArrayOP.java   d1.doc            d3.doc  t3.txt     t5.txt
[sanket.raut@DM1385 day3_Assignment]$ git commit -m "remove commited"
[main 86b77d1] remove commited
 Committer: Sanket Raut <sanket.raut@DM1385.datametica.com>
Your name and email address were configured automatically based
on your username and hostname. Please check that they are accurate.
You can suppress this message by setting them explicitly. Run the
following command and follow the instructions in your editor to edit
your configuration file:

    git config --global --edit

After doing this, you may fix the identity used for this commit with:

    git commit --amend --reset-author

 2 files changed, 2 deletions(-)
 delete mode 100644 t1.txt
 delete mode 100644 t2.txt
[sanket.raut@DM1385 day3_Assignment]$ git reset --hard origin/main
HEAD is now at 6694a6c Create t5.txt
[sanket.raut@DM1385 day3_Assignment]$ ls
d1.doc  d2.doc  d3.doc  README.md  t1.txt  t2.txt  t3.txt  t4.txt  t5.txt
[sanket.raut@DM1385 day3_Assignment]$ git push -u origin main
Username for 'https://github.com': sanket-raut
Password for 'https://sanket-raut@github.com': 
Branch 'main' set up to track remote branch 'main' from 'origin'.
Everything up-to-date
[sanket.raut@DM1385 day3_Assignment]$ git status
On branch main
Your branch is up to date with 'origin/main'.

Untracked files:
  (use "git add <file>..." to include in what will be committed)

	.gitignore

nothing added to commit but untracked files present (use "git add" to track)
[sanket.raut@DM1385 day3_Assignment]$ git log
commit 6694a6c6de048085451970ca0d59390b26f67e0c (HEAD -> main, origin/main, origin/HEAD)
Author: sanket-raut <94887307+sanket-raut@users.noreply.github.com>
Date:   Thu Nov 25 14:42:16 2021 +0530

    Create t5.txt

commit a49866d2cfc8f69af15436a47daedb89170f8ba7
Author: sanket-raut <94887307+sanket-raut@users.noreply.github.com>
Date:   Thu Nov 25 14:41:57 2021 +0530

    Create t4.txt

commit 0c26ec38d417e9931c00c57561ff3e70ffab8db2
Author: sanket-raut <94887307+sanket-raut@users.noreply.github.com>
Date:   Thu Nov 25 14:41:38 2021 +0530

    Create t3.txt

commit a482f2d76e530045a27d2d1b5a7321f07a7ec144
Author: sanket-raut <94887307+sanket-raut@users.noreply.github.com>
Date:   Thu Nov 25 14:41:20 2021 +0530

    Create t2.txt

commit b3792abb63dd772a25477fcab4f1e7813f6efc81
Author: sanket-raut <94887307+sanket-raut@users.noreply.github.com>
Date:   Thu Nov 25 14:38:37 2021 +0530

    Create t1.txt

commit 337a11d3d7860347d73e7dd99c37ec2e235d7d5e
Author: sanket-raut <94887307+sanket-raut@users.noreply.github.com>
Date:   Thu Nov 25 14:38:02 2021 +0530

    Initial commit

[3]+  Stopped                 git log
[sanket.raut@DM1385 day3_Assignment]$ git status
On branch main
Your branch is up to date with 'origin/main'.

Untracked files:
  (use "git add <file>..." to include in what will be committed)

	.gitignore

nothing added to commit but untracked files present (use "git add" to track)
[sanket.raut@DM1385 day3_Assignment]$ git status
On branch main
Your branch is up to date with 'origin/main'.

Untracked files:
  (use "git add <file>..." to include in what will be committed)

	.gitignore
	Argument.java
	ArrayOP.java
	BankAccount.java

nothing added to commit but untracked files present (use "git add" to track)
[sanket.raut@DM1385 day3_Assignment]$ git add *.java
[sanket.raut@DM1385 day3_Assignment]$ git commit -m "java file commit"
[main 93ae99e] java file commit
 Committer: Sanket Raut <sanket.raut@DM1385.datametica.com>
Your name and email address were configured automatically based
on your username and hostname. Please check that they are accurate.
You can suppress this message by setting them explicitly. Run the
following command and follow the instructions in your editor to edit
your configuration file:

    git config --global --edit

After doing this, you may fix the identity used for this commit with:

    git commit --amend --reset-author

 3 files changed, 173 insertions(+)
 create mode 100644 Argument.java
 create mode 100644 ArrayOP.java
 create mode 100644 BankAccount.java
[sanket.raut@DM1385 day3_Assignment]$ git status
On branch main
Your branch is ahead of 'origin/main' by 1 commit.
  (use "git push" to publish your local commits)

Untracked files:
  (use "git add <file>..." to include in what will be committed)

	.gitignore

nothing added to commit but untracked files present (use "git add" to track)
[sanket.raut@DM1385 day3_Assignment]$ git push -u origin main
Username for 'https://github.com': sanket-raut
Password for 'https://sanket-raut@github.com': 
Enumerating objects: 6, done.
Counting objects: 100% (6/6), done.
Delta compression using up to 4 threads
Compressing objects: 100% (5/5), done.
Writing objects: 100% (5/5), 1.73 KiB | 1.73 MiB/s, done.
Total 5 (delta 0), reused 0 (delta 0)
To https://github.com/sanket-raut/day3_Assignment.git
   6694a6c..93ae99e  main -> main
Branch 'main' set up to track remote branch 'main' from 'origin'.
[sanket.raut@DM1385 day3_Assignment]$ git status
On branch main
Your branch is up to date with 'origin/main'.

Changes not staged for commit:
  (use "git add <file>..." to update what will be committed)
  (use "git checkout -- <file>..." to discard changes in working directory)

	modified:   Argument.java

Untracked files:
  (use "git add <file>..." to include in what will be committed)

	.gitignore

no changes added to commit (use "git add" and/or "git commit -a")
[sanket.raut@DM1385 day3_Assignment]$ git commit -a -m "java updated file "
[main b3bbc43] java updated file
 Committer: Sanket Raut <sanket.raut@DM1385.datametica.com>
Your name and email address were configured automatically based
on your username and hostname. Please check that they are accurate.
You can suppress this message by setting them explicitly. Run the
following command and follow the instructions in your editor to edit
your configuration file:

    git config --global --edit

After doing this, you may fix the identity used for this commit with:

    git commit --amend --reset-author

 1 file changed, 1 insertion(+)
[sanket.raut@DM1385 day3_Assignment]$ git status
On branch main
Your branch is ahead of 'origin/main' by 1 commit.
  (use "git push" to publish your local commits)

Untracked files:
  (use "git add <file>..." to include in what will be committed)

	.gitignore

nothing added to commit but untracked files present (use "git add" to track)
[sanket.raut@DM1385 day3_Assignment]$ git status
On branch main
Your branch is ahead of 'origin/main' by 1 commit.
  (use "git push" to publish your local commits)

Changes not staged for commit:
  (use "git add <file>..." to update what will be committed)
  (use "git checkout -- <file>..." to discard changes in working directory)

	modified:   ArrayOP.java

Untracked files:
  (use "git add <file>..." to include in what will be committed)

	.gitignore

no changes added to commit (use "git add" and/or "git commit -a")
[sanket.raut@DM1385 day3_Assignment]$ git commit -a -m "java updated file2 "
[main 2f9e6f0] java updated file2
 Committer: Sanket Raut <sanket.raut@DM1385.datametica.com>
Your name and email address were configured automatically based
on your username and hostname. Please check that they are accurate.
You can suppress this message by setting them explicitly. Run the
following command and follow the instructions in your editor to edit
your configuration file:

    git config --global --edit

After doing this, you may fix the identity used for this commit with:

    git commit --amend --reset-author

 1 file changed, 1 insertion(+)
[sanket.raut@DM1385 day3_Assignment]$ git status
On branch main
Your branch is ahead of 'origin/main' by 2 commits.
  (use "git push" to publish your local commits)

Untracked files:
  (use "git add <file>..." to include in what will be committed)

	.gitignore

nothing added to commit but untracked files present (use "git add" to track)
[sanket.raut@DM1385 day3_Assignment]$ git log
commit 2f9e6f020b753dd3bde2dfd9d8eaca9edabef8bf (HEAD -> main)
Author: Sanket Raut <sanket.raut@DM1385.datametica.com>
Date:   Thu Nov 25 15:41:44 2021 +0530

    java updated file2

commit b3bbc433257d8a507071d00ae0c632c4955222ff
Author: Sanket Raut <sanket.raut@DM1385.datametica.com>
Date:   Thu Nov 25 15:40:46 2021 +0530

    java updated file

commit 93ae99e991c610c87dfa6493f67ec4077f3f66f7 (origin/main, origin/HEAD)
Author: Sanket Raut <sanket.raut@DM1385.datametica.com>
Date:   Thu Nov 25 15:37:19 2021 +0530

    java file commit

commit 6694a6c6de048085451970ca0d59390b26f67e0c
Author: sanket-raut <94887307+sanket-raut@users.noreply.github.com>
Date:   Thu Nov 25 14:42:16 2021 +0530

    Create t5.txt

commit a49866d2cfc8f69af15436a47daedb89170f8ba7
Author: sanket-raut <94887307+sanket-raut@users.noreply.github.com>
Date:   Thu Nov 25 14:41:57 2021 +0530

    Create t4.txt

:
[4]+  Stopped                 git log
[sanket.raut@DM1385 day3_Assignment]$ git push -u origin main
Username for 'https://github.com': sanket-raut
Password for 'https://sanket-raut@github.com': 
Enumerating objects: 9, done.
Counting objects: 100% (9/9), done.
Delta compression using up to 4 threads
Compressing objects: 100% (6/6), done.
Writing objects: 100% (6/6), 672 bytes | 672.00 KiB/s, done.
Total 6 (delta 4), reused 0 (delta 0)
remote: Resolving deltas: 100% (4/4), completed with 3 local objects.
To https://github.com/sanket-raut/day3_Assignment.git
   93ae99e..2f9e6f0  main -> main
Branch 'main' set up to track remote branch 'main' from 'origin'.
[sanket.raut@DM1385 day3_Assignment]$ git log
commit 2f9e6f020b753dd3bde2dfd9d8eaca9edabef8bf (HEAD -> main, origin/main, origin/HEAD)
Author: Sanket Raut <sanket.raut@DM1385.datametica.com>
Date:   Thu Nov 25 15:41:44 2021 +0530

    java updated file2

commit b3bbc433257d8a507071d00ae0c632c4955222ff
Author: Sanket Raut <sanket.raut@DM1385.datametica.com>
Date:   Thu Nov 25 15:40:46 2021 +0530

    java updated file

commit 93ae99e991c610c87dfa6493f67ec4077f3f66f7
Author: Sanket Raut <sanket.raut@DM1385.datametica.com>
Date:   Thu Nov 25 15:37:19 2021 +0530

    java file commit

commit 6694a6c6de048085451970ca0d59390b26f67e0c
Author: sanket-raut <94887307+sanket-raut@users.noreply.github.com>
Date:   Thu Nov 25 14:42:16 2021 +0530

commit 6694a6c6de048085451970ca0d59390b26f67e0c
Author: sanket-raut <94887307+sanket-raut@users.noreply.github.com>
Date:   Thu Nov 25 14:42:16 2021 +0530

    Create t5.txt

commit a49866d2cfc8f69af15436a47daedb89170f8ba7
Author: sanket-raut <94887307+sanket-raut@users.noreply.github.com>
Date:   Thu Nov 25 14:41:57 2021 +0530

    Create t4.txt

commit 0c26ec38d417e9931c00c57561ff3e70ffab8db2
Author: sanket-raut <94887307+sanket-raut@users.noreply.github.com>
Date:   Thu Nov 25 14:41:38 2021 +0530

    Create t3.txt

commit a482f2d76e530045a27d2d1b5a7321f07a7ec144
Author: sanket-raut <94887307+sanket-raut@users.noreply.github.com>
Date:   Thu Nov 25 14:41:20 2021 +0530

    Create t2.txt

commit b3792abb63dd772a25477fcab4f1e7813f6efc81
Author: sanket-raut <94887307+sanket-raut@users.noreply.github.com>
Date:   Thu Nov 25 14:38:37 2021 +0530

    Create t1.txt

commit 337a11d3d7860347d73e7dd99c37ec2e235d7d5e
Author: sanket-raut <94887307+sanket-raut@users.noreply.github.com>
Date:   Thu Nov 25 14:38:02 2021 +0530

    Initial commit

[5]+  Stopped                 git log
[sanket.raut@DM1385 day3_Assignment]$ 



