



[mahesh.raut@DM1380 Assig_3]$ git init
Initialized empty Git repository in /home/mahesh.raut/Git Training/day-3/Assig_3/.git/

[mahesh.raut@DM1380 Assig_3]$ git status
On branch master

No commits yet

nothing to commit (create/copy files and use "git add" to track)
[mahesh.raut@DM1380 Assig_3]$ 
[mahesh.raut@DM1380 Assig_3]$ git pull https://github.com/Mahesh-Raut/Day3_assign.git
remote: Enumerating objects: 5, done.
remote: Counting objects: 100% (5/5), done.
remote: Compressing objects: 100% (2/2), done.
remote: Total 5 (delta 0), reused 0 (delta 0), pack-reused 0
Unpacking objects: 100% (5/5), done.
From https://github.com/Mahesh-Raut/Day3_assign
 * branch            HEAD       -> FETCH_HEAD
[mahesh.raut@DM1380 Assig_3]$ 
[mahesh.raut@DM1380 Assig_3]$ 
[mahesh.raut@DM1380 Assig_3]$ 
[mahesh.raut@DM1380 Assig_3]$ git status
On branch master
nothing to commit, working tree clean
[mahesh.raut@DM1380 Assig_3]$ 
[mahesh.raut@DM1380 Assig_3]$ 
[mahesh.raut@DM1380 Assig_3]$ 
[mahesh.raut@DM1380 Assig_3]$ 
[mahesh.raut@DM1380 Assig_3]$ git status
On branch master
Untracked files:
  (use "git add <file>..." to include in what will be committed)

	Reading.java
	Write.java

nothing added to commit but untracked files present (use "git add" to track)
[mahesh.raut@DM1380 Assig_3]$ 
[mahesh.raut@DM1380 Assig_3]$ 
[mahesh.raut@DM1380 Assig_3]$ git add .
[mahesh.raut@DM1380 Assig_3]$ 
[mahesh.raut@DM1380 Assig_3]$ 
[mahesh.raut@DM1380 Assig_3]$ git status
On branch master
Changes to be committed:
  (use "git reset HEAD <file>..." to unstage)

	new file:   Reading.java
	new file:   Write.java

[mahesh.raut@DM1380 Assig_3]$ 
[mahesh.raut@DM1380 Assig_3]$ git commit -m "First commit for java"
[master 3b3937d] First commit for java
 Committer: Mahesh Raut <mahesh.raut@DM1380.datametica.com>
Your name and email address were configured automatically based
on your username and hostname. Please check that they are accurate.
You can suppress this message by setting them explicitly. Run the
following command and follow the instructions in your editor to edit
your configuration file:

    git config --global --edit

After doing this, you may fix the identity used for this commit with:

    git commit --amend --reset-author

 2 files changed, 52 insertions(+)
 create mode 100644 Reading.java
 create mode 100644 Write.java
[mahesh.raut@DM1380 Assig_3]$ 
[mahesh.raut@DM1380 Assig_3]$ 
[mahesh.raut@DM1380 Assig_3]$ 
[mahesh.raut@DM1380 Assig_3]$ 
[mahesh.raut@DM1380 Assig_3]$ git status
On branch master
nothing to commit, working tree clean
[mahesh.raut@DM1380 Assig_3]$ 
[mahesh.raut@DM1380 Assig_3]$ 
[mahesh.raut@DM1380 Assig_3]$ 
[mahesh.raut@DM1380 Assig_3]$ git commit -m "First commit for java"
On branch master
nothing to commit, working tree clean
[mahesh.raut@DM1380 Assig_3]$ 
[mahesh.raut@DM1380 Assig_3]$ 
[mahesh.raut@DM1380 Assig_3]$ 
[mahesh.raut@DM1380 Assig_3]$ 
[mahesh.raut@DM1380 Assig_3]$ 
[mahesh.raut@DM1380 Assig_3]$ 
[mahesh.raut@DM1380 Assig_3]$ 
[mahesh.raut@DM1380 Assig_3]$ 
[mahesh.raut@DM1380 Assig_3]$ git remote
[mahesh.raut@DM1380 Assig_3]$ 
[mahesh.raut@DM1380 Assig_3]$ 

[mahesh.raut@DM1380 Assig_3]$ 

[mahesh.raut@DM1380 Assig_3]$ 
[mahesh.raut@DM1380 Assig_3]$ git remote add day3 https://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@github.com/Mahesh-Raut/Day3_assign.git
[mahesh.raut@DM1380 Assig_3]$ 
[mahesh.raut@DM1380 Assig_3]$ 
[mahesh.raut@DM1380 Assig_3]$ 
[mahesh.raut@DM1380 Assig_3]$ git push day3 master
Enumerating objects: 5, done.
Counting objects: 100% (5/5), done.
Delta compression using up to 4 threads
Compressing objects: 100% (4/4), done.
Writing objects: 100% (4/4), 972 bytes | 972.00 KiB/s, done.
Total 4 (delta 1), reused 0 (delta 0)
remote: Resolving deltas: 100% (1/1), completed with 1 local object.
To https://github.com/Mahesh-Raut/Day3_assign.git
   c7d9183..3b3937d  master -> master
[mahesh.raut@DM1380 Assig_3]$ 
[mahesh.raut@DM1380 Assig_3]$ 
[mahesh.raut@DM1380 Assig_3]$ git status
On branch master
Untracked files:
  (use "git add <file>..." to include in what will be committed)

	abc.doc
	xyz.doc

nothing added to commit but untracked files present (use "git add" to track)
[mahesh.raut@DM1380 Assig_3]$ 
[mahesh.raut@DM1380 Assig_3]$ 
[mahesh.raut@DM1380 Assig_3]$ touch .gitignore
[mahesh.raut@DM1380 Assig_3]$ 
[mahesh.raut@DM1380 Assig_3]$ gedit .gitignore
[mahesh.raut@DM1380 Assig_3]$ ^C
[mahesh.raut@DM1380 Assig_3]$ 
[mahesh.raut@DM1380 Assig_3]$ 
[mahesh.raut@DM1380 Assig_3]$ git status
On branch master
Untracked files:
  (use "git add <file>..." to include in what will be committed)

	.gitignore

nothing added to commit but untracked files present (use "git add" to track)
[mahesh.raut@DM1380 Assig_3]$ 
[mahesh.raut@DM1380 Assig_3]$ 
[mahesh.raut@DM1380 Assig_3]$ git status
On branch master
Changes not staged for commit:
  (use "git add/rm <file>..." to update what will be committed)
  (use "git checkout -- <file>..." to discard changes in working directory)

	deleted:    t1,txt
	modified:   t2.txt
	deleted:    t3.txt

Untracked files:
  (use "git add <file>..." to include in what will be committed)

	.gitignore
	t1.txt

no changes added to commit (use "git add" and/or "git commit -a")
[mahesh.raut@DM1380 Assig_3]$ 
[mahesh.raut@DM1380 Assig_3]$ 
[mahesh.raut@DM1380 Assig_3]$ git commit -m "Second commit"
On branch master
Changes not staged for commit:
	deleted:    t1,txt
	modified:   t2.txt
	deleted:    t3.txt

Untracked files:
	.gitignore
	t1.txt

no changes added to commit
[mahesh.raut@DM1380 Assig_3]$ git add .
[mahesh.raut@DM1380 Assig_3]$ 
[mahesh.raut@DM1380 Assig_3]$ git commit -m "Second commit"
[master 4348c67] Second commit
 Committer: Mahesh Raut <mahesh.raut@DM1380.datametica.com>
Your name and email address were configured automatically based
on your username and hostname. Please check that they are accurate.
You can suppress this message by setting them explicitly. Run the
following command and follow the instructions in your editor to edit
your configuration file:

    git config --global --edit

After doing this, you may fix the identity used for this commit with:

    git commit --amend --reset-author

 4 files changed, 5 insertions(+), 1 deletion(-)
 create mode 100644 .gitignore
 rename t1,txt => t1.txt (100%)
 delete mode 100644 t3.txt
[mahesh.raut@DM1380 Assig_3]$ git status
On branch master
nothing to commit, working tree clean
[mahesh.raut@DM1380 Assig_3]$ 
[mahesh.raut@DM1380 Assig_3]$ 
[mahesh.raut@DM1380 Assig_3]$ git status
On branch master
Changes not staged for commit:
  (use "git add <file>..." to update what will be committed)
  (use "git checkout -- <file>..." to discard changes in working directory)

	modified:   Write.java

no changes added to commit (use "git add" and/or "git commit -a")
[mahesh.raut@DM1380 Assig_3]$ 
[mahesh.raut@DM1380 Assig_3]$ 
[mahesh.raut@DM1380 Assig_3]$ git add .
[mahesh.raut@DM1380 Assig_3]$ 
[mahesh.raut@DM1380 Assig_3]$ git commit -m "Third commit"
[master a94ab05] Third commit
 Committer: Mahesh Raut <mahesh.raut@DM1380.datametica.com>
Your name and email address were configured automatically based
on your username and hostname. Please check that they are accurate.
You can suppress this message by setting them explicitly. Run the
following command and follow the instructions in your editor to edit
your configuration file:

    git config --global --edit

After doing this, you may fix the identity used for this commit with:

    git commit --amend --reset-author

 1 file changed, 7 insertions(+), 21 deletions(-)
 rewrite Write.java (81%)
[mahesh.raut@DM1380 Assig_3]$ 
[mahesh.raut@DM1380 Assig_3]$ 
[mahesh.raut@DM1380 Assig_3]$ git log
commit a94ab056adcdf9bf271c986a694506e29a92bf0e (HEAD -> master)
Author: Mahesh Raut <mahesh.raut@DM1380.datametica.com>
Date:   Thu Nov 25 15:22:00 2021 +0530

    Third commit

commit 4348c679c68cdd7933fd4804aec58d23587971b2
Author: Mahesh Raut <mahesh.raut@DM1380.datametica.com>
Date:   Thu Nov 25 15:21:04 2021 +0530

    Second commit

commit 3b3937df59c0f8e527d0e7f073b19c0477516d21 (day3/master)
Author: Mahesh Raut <mahesh.raut@DM1380.datametica.com>
Date:   Thu Nov 25 15:11:24 2021 +0530

    First commit for java

commit c7d9183896804d0452b34da2abcbe206eca504a0
Author: Mahesh Raut <94887229+Mahesh-Raut@users.noreply.github.com>
Date:   Thu Nov 25 15:09:05 2021 +0530

    Add files via upload
[mahesh.raut@DM1380 Assig_3]$ 
[mahesh.raut@DM1380 Assig_3]$ 
[mahesh.raut@DM1380 Assig_3]$ 
[mahesh.raut@DM1380 Assig_3]$ git status
On branch master
nothing to commit, working tree clean
[mahesh.raut@DM1380 Assig_3]$ 
[mahesh.raut@DM1380 Assig_3]$ 
[mahesh.raut@DM1380 Assig_3]$ 
[mahesh.raut@DM1380 Assig_3]$ git diff
[mahesh.raut@DM1380 Assig_3]$ git diff 3b3937d c7d9183
diff --git a/Reading.java b/Reading.java
deleted file mode 100644
index b6dc7de..0000000
--- a/Reading.java
+++ /dev/null
@@ -1,31 +0,0 @@
-package InputOutput;
-import java.io.File;
-import java.io.FileInputStream;
-import java.io.FileNotFoundException;
-import java.io.IOException;
-
-public class FileReadingDemo {
-    public static void main(String[] args) {
-        File file = new File("/home/mahesh.raut/Datametica/Demo.txt");   //
-        if(file.exists()){
-            try{
-                FileInputStream fin = new FileInputStream(file);    //file is open in new read mode
-                int ch = 0;
-                while((ch =fin.read()) != -1){
-                    System.out.print((char)ch);
-
[mahesh.raut@DM1380 Assig_3]$ git diff 
day3/master   FETCH_HEAD    HEAD          master        
[mahesh.raut@DM1380 Assig_3]$ git diff master day3/master 
diff --git a/.gitignore b/.gitignore
deleted file mode 100644
index a4c15c5..0000000
--- a/.gitignore
+++ /dev/null
@@ -1,3 +0,0 @@
-abc.doc
-xyz.doc
-
diff --git a/Write.java b/Write.java
index 2b36622..302a24a 100644
--- a/Write.java
+++ b/Write.java
@@ -4,4 +4,18 @@ import java.io.FileNotFoundException;
 import java.io.FileOutputStream;
 import java.io.IOException;
 
-
+public class FileWritingDemo {
+    public static void main(String[] args) {
+        try {
+            FileOutputStream fout = new FileOutputStream("/home/mahesh.raut/Datametica/Demo2.txt",true);
+            String msg = " Mahesh ";

[mahesh.raut@DM1380 Assig_3]$ git staus
git: 'staus' is not a git command. See 'git --help'.

The most similar command is
	status
[mahesh.raut@DM1380 Assig_3]$ 
[mahesh.raut@DM1380 Assig_3]$ git status
On branch master
Changes not staged for commit:
  (use "git add <file>..." to update what will be committed)
  (use "git checkout -- <file>..." to discard changes in working directory)

	modified:   t2.txt

no changes added to commit (use "git add" and/or "git commit -a")
[mahesh.raut@DM1380 Assig_3]$ 
[mahesh.raut@DM1380 Assig_3]$ 
[mahesh.raut@DM1380 Assig_3]$ 
[mahesh.raut@DM1380 Assig_3]$ git diff
diff --git a/t2.txt b/t2.txt
index ef5fc2f..9821b5e 100644
--- a/t2.txt
+++ b/t2.txt
@@ -2,3 +2,8 @@
 aaaaaaaaaaaaaaaaaaaaaaaaaaaa
 
 n uitgvugiuigu
+
+
+
+
+cwfuicgi;foidgx
[mahesh.raut@DM1380 Assig_3]$ git diff 4348c67
diff --git a/Write.java b/Write.java
index 302a24a..2b36622 100644
--- a/Write.java
+++ b/Write.java
@@ -4,18 +4,4 @@ import java.io.FileNotFoundException;
 import java.io.FileOutputStream;
 import java.io.IOException;
 
-public class FileWritingDemo {
-    public static void main(String[] args) {
-        try {
-            FileOutputStream fout = new FileOutputStream("/home/mahesh.raut/Datametica/Demo2.txt",true);
-            String msg = " Mahesh ";
-            //fout.write(msg.getBytes());
-            fout.write(msg.getBytes());
-            System.out.println("Writing Package!!!");
-        } catch (FileNotFoundException e) {
-            e.printStackTrace();
-        } catch (IOException e){
-            e.printStackTrace();
-        }
-    }
[mahesh.raut@DM1380 Assig_3]$ 
[mahesh.raut@DM1380 Assig_3]$ 
[mahesh.raut@DM1380 Assig_3]$ 
[mahesh.raut@DM1380 Assig_3]$ ls
abc.doc  Reading.java  t1.txt  t2.txt  t4.txt  t5.txt  Write.java  xyz.doc
[mahesh.raut@DM1380 Assig_3]$ 
[mahesh.raut@DM1380 Assig_3]$ 
[mahesh.raut@DM1380 Assig_3]$ rm t2.txt
[mahesh.raut@DM1380 Assig_3]$ 
[mahesh.raut@DM1380 Assig_3]$ ls
abc.doc  Reading.java  t1.txt  t4.txt  t5.txt  Write.java  xyz.doc
[mahesh.raut@DM1380 Assig_3]$ 
[mahesh.raut@DM1380 Assig_3]$ git status
On branch master
Changes not staged for commit:
  (use "git add/rm <file>..." to update what will be committed)
  (use "git checkout -- <file>..." to discard changes in working directory)

	deleted:    t2.txt

no changes added to commit (use "git add" and/or "git commit -a")
[mahesh.raut@DM1380 Assig_3]$ 
[mahesh.raut@DM1380 Assig_3]$ 
[mahesh.raut@DM1380 Assig_3]$ git rm
usage: git rm [<options>] [--] <file>...

    -n, --dry-run         dry run
    -q, --quiet           do not list removed files
    --cached              only remove from the index
    -f, --force           override the up-to-date check
    -r                    allow recursive removal
    --ignore-unmatch      exit with a zero status even if nothing matched

[mahesh.raut@DM1380 Assig_3]$ git rm t2.txt
rm 't2.txt'
[mahesh.raut@DM1380 Assig_3]$ 
[mahesh.raut@DM1380 Assig_3]$ 
[mahesh.raut@DM1380 Assig_3]$ 
[mahesh.raut@DM1380 Assig_3]$ 
[mahesh.raut@DM1380 Assig_3]$ git status
On branch master
Changes to be committed:
  (use "git reset HEAD <file>..." to unstage)

	deleted:    t2.txt

[mahesh.raut@DM1380 Assig_3]$ 
[mahesh.raut@DM1380 Assig_3]$ 
[mahesh.raut@DM1380 Assig_3]$ git checkout 4348c67 t2.txt
Updated 1 path from c16acc7
[mahesh.raut@DM1380 Assig_3]$ 
[mahesh.raut@DM1380 Assig_3]$ 
[mahesh.raut@DM1380 Assig_3]$ git status
On branch master
nothing to commit, working tree clean
[mahesh.raut@DM1380 Assig_3]$ ls
abc.doc  Reading.java  t1.txt  t2.txt  t4.txt  t5.txt  Write.java  xyz.doc
[mahesh.raut@DM1380 Assig_3]$ 
[mahesh.raut@DM1380 Assig_3]$ 
[mahesh.raut@DM1380 Assig_3]$ git checkout t2.txt
Updated 0 paths from the index
[mahesh.raut@DM1380 Assig_3]$ 
[mahesh.raut@DM1380 Assig_3]$ 
[mahesh.raut@DM1380 Assig_3]$ 
[mahesh.raut@DM1380 Assig_3]$ 
[mahesh.raut@DM1380 Assig_3]$ git reomte
git: 'reomte' is not a git command. See 'git --help'.

The most similar command is
	remote
[mahesh.raut@DM1380 Assig_3]$ git remote
day3
[mahesh.raut@DM1380 Assig_3]$ 
[mahesh.raut@DM1380 Assig_3]$ 
[mahesh.raut@DM1380 Assig_3]$ 
[mahesh.raut@DM1380 Assig_3]$ git push day3 master
Enumerating objects: 10, done.
Counting objects: 100% (10/10), done.
Delta compression using up to 4 threads
Compressing objects: 100% (5/5), done.
Writing objects: 100% (7/7), 691 bytes | 691.00 KiB/s, done.
Total 7 (delta 2), reused 0 (delta 0)
remote: Resolving deltas: 100% (2/2), completed with 1 local object.
To https://github.com/Mahesh-Raut/Day3_assign.git
   3b3937d..a94ab05  master -> master
[mahesh.raut@DM1380 Assig_3]$ 
[mahesh.raut@DM1380 Assig_3]$ 
[mahesh.raut@DM1380 Assig_3]$ 
[mahesh.raut@DM1380 Assig_3]$ 
[mahesh.raut@DM1380 Assig_3]$ 
[mahesh.raut@DM1380 Assig_3]$ git rm t1.txt
rm 't1.txt'
[mahesh.raut@DM1380 Assig_3]$ 
[mahesh.raut@DM1380 Assig_3]$ 
[mahesh.raut@DM1380 Assig_3]$ ls
abc.doc  Reading.java  t2.txt  t4.txt  t5.txt  Write.java  xyz.doc
[mahesh.raut@DM1380 Assig_3]$ 
[mahesh.raut@DM1380 Assig_3]$ 
[mahesh.raut@DM1380 Assig_3]$ git fetch --all 
Fetching day3
[mahesh.raut@DM1380 Assig_3]$ 
[mahesh.raut@DM1380 Assig_3]$ 
[mahesh.raut@DM1380 Assig_3]$ 
[mahesh.raut@DM1380 Assig_3]$ git checkout 4348c67 -- t1.txt
[mahesh.raut@DM1380 Assig_3]$ 
[mahesh.raut@DM1380 Assig_3]$ 
[mahesh.raut@DM1380 Assig_3]$ ls
abc.doc  Reading.java  t1.txt  t2.txt  t4.txt  t5.txt  Write.java  xyz.doc
[mahesh.raut@DM1380 Assig_3]$ 

