[nishant.inamdar@DM1379 ~]$ ls
Desktop              intellij        snap          trail_sql_log  User.java
Documents            Music           sql_dry_text  trial.groovy   Videos
Downloads            mysql_session1  Templates     trial_sql_log
groovy_dry_text.txt  Pictures        Test.class    user
IdeaProjects         Public          Test.groovy   User.class
[nishant.inamdar@DM1379 ~]$ cd Documents/
[nishant.inamdar@DM1379 Documents]$ ls
Git        Groovy         mysql_session1      sql_assignment
GitTrial2  mysql_session  NishantInamdarDay1
[nishant.inamdar@DM1379 Documents]$ cd Git/
[nishant.inamdar@DM1379 Git]$ ls
aa.txt  bb.txt  Day3Git  dev2  gitnewrepoinstruction.txt
a.txt   cc.txt  dev1     dev3
[nishant.inamdar@DM1379 Git]$ git clone https://github.com/nishantinamdar0422/Day3.git
Cloning into 'Day3'...
remote: Enumerating objects: 15, done.
remote: Counting objects: 100% (15/15), done.
remote: Compressing objects: 100% (9/9), done.
remote: Total 15 (delta 3), reused 3 (delta 0), pack-reused 0
Unpacking objects: 100% (15/15), done.
[nishant.inamdar@DM1379 Git]$ ls
aa.txt  bb.txt  Day3     dev1  dev3
a.txt   cc.txt  Day3Git  dev2  gitnewrepoinstruction.txt
[nishant.inamdar@DM1379 Git]$ cd Day3/
[nishant.inamdar@DM1379 Day3]$ ls
README.md  t1.txt  t2.txt  t3.txt  t4.txt
[nishant.inamdar@DM1379 Day3]$ ls
README.md  t1.txt  t2.txt  t3.txt  t4.txt
[nishant.inamdar@DM1379 Day3]$ cd ..
[nishant.inamdar@DM1379 Git]$ cd ..
[nishant.inamdar@DM1379 Documents]$ cd ..
[nishant.inamdar@DM1379 ~]$ cd IdeaProjects/
[nishant.inamdar@DM1379 IdeaProjects]$ ls
CoreJava  Excercise2  Grape_JDBC_Dependency  Groovy-Apps  Groovy_database  groovy-projects  Groovy-Traits  Groovy-Unit-Testing  Meta-Programming
[nishant.inamdar@DM1379 IdeaProjects]$ cd CoreJava/
[nishant.inamdar@DM1379 CoreJava]$ ls
CoreJava.iml  out  src
[nishant.inamdar@DM1379 CoreJava]$ d src
bash: d: command not found...
[nishant.inamdar@DM1379 CoreJava]$ cd src
[nishant.inamdar@DM1379 src]$ ls
Assignment  collection  Day3  Exception  features  InnerClasses  InputOutput  Java8Features  JDBC  map  Multithreading  mypack  NewAssignments  TestPackage
[nishant.inamdar@DM1379 src]$ cd Assignment/
[nishant.inamdar@DM1379 Assignment]$ ls
Account.java       Book.java         EmpDetails.java  InsufficientFundsException.java  NegativeAmountException.java  TestBook.java
ArrayElement.java  CalcAverage.java  Emp.java         LowBalanceException.java         Palindrome.java
BankAccount.java   Compartment.java  Instrument.java  LowSalaryException.java          SequenceQuestion.java
[nishant.inamdar@DM1379 Assignment]$ cd /
[nishant.inamdar@DM1379 /]$ cd ~
[nishant.inamdar@DM1379 ~]$ ls
Desktop    Downloads            IdeaProjects  Music           Pictures  snap          Templates   Test.groovy    trial.groovy   user        User.java
Documents  groovy_dry_text.txt  intellij      mysql_session1  Public    sql_dry_text  Test.class  trail_sql_log  trial_sql_log  User.class  Videos
[nishant.inamdar@DM1379 ~]$  IdeaProjects/CoreJava/src/Assignment/Book.java
bash: IdeaProjects/CoreJava/src/Assignment/Book.java: Permission denied
[nishant.inamdar@DM1379 ~]$ cd Documents/
[nishant.inamdar@DM1379 Documents]$ ls
Git  GitTrial2  Groovy  mysql_session  mysql_session1  NishantInamdarDay1  sql_assignment
[nishant.inamdar@DM1379 Documents]$ cd Git
[nishant.inamdar@DM1379 Git]$ ls
aa.txt  a.txt  bb.txt  cc.txt  Day3  Day3Git  dev1  dev2  dev3  gitnewrepoinstruction.txt
[nishant.inamdar@DM1379 Git]$ cd Day3
[nishant.inamdar@DM1379 Day3]$ ls
README.md  t1.txt  t2.txt  t3.txt  t4.txt
[nishant.inamdar@DM1379 Day3]$ cp IdeaProjects/CoreJava/src/Assignment/Book.java Book.java
cp: cannot stat 'IdeaProjects/CoreJava/src/Assignment/Book.java': No such file or directory
[nishant.inamdar@DM1379 Day3]$ cp *.java /IdeaProjects/CoreJava/src/Assignment/Book.java
cp: cannot stat '*.java': No such file or directory
[nishant.inamdar@DM1379 Day3]$ cp *.java ~/IdeaProjects/CoreJava/src/Assignment/Book.java
cp: cannot stat '*.java': No such file or directory
[nishant.inamdar@DM1379 Day3]$ cp * ~/IdeaProjects/CoreJava/src/Assignment/Book.java
cp: target '/home/nishant.inamdar/IdeaProjects/CoreJava/src/Assignment/Book.java' is not a directory
[nishant.inamdar@DM1379 Day3]$ cp  ~/IdeaProjects/CoreJava/src/Assignment/Book.java Book.java
[nishant.inamdar@DM1379 Day3]$ ls
Book.java  README.md  t1.txt  t2.txt  t3.txt  t4.txt
[nishant.inamdar@DM1379 Day3]$ cp  ~/IdeaProjects/CoreJava/src/Assignment/Account.java Account.java
[nishant.inamdar@DM1379 Day3]$ cp  ~/IdeaProjects/CoreJava/src/Assignment/Emp.java Emp.java
[nishant.inamdar@DM1379 Day3]$ ls
Account.java  Book.java  Emp.java  README.md  t1.txt  t2.txt  t3.txt  t4.txt
[nishant.inamdar@DM1379 Day3]$ git status
On branch main
Your branch is up to date with 'origin/main'.

Untracked files:
  (use "git add <file>..." to include in what will be committed)

	Account.java
	Book.java
	Emp.java

nothing added to commit but untracked files present (use "git add" to track)
[nishant.inamdar@DM1379 Day3]$ git add *.java
[nishant.inamdar@DM1379 Day3]$ git status
On branch main
Your branch is up to date with 'origin/main'.

Changes to be committed:
  (use "git reset HEAD <file>..." to unstage)

	new file:   Account.java
	new file:   Book.java
	new file:   Emp.java

[nishant.inamdar@DM1379 Day3]$ git commit -m "Java files uploaded"
[main 6ff7c9f] Java files uploaded
 Committer: Nishant Inamdar <nishant.inamdar@DM1379.datametica.com>
Your name and email address were configured automatically based
on your username and hostname. Please check that they are accurate.
You can suppress this message by setting them explicitly. Run the
following command and follow the instructions in your editor to edit
your configuration file:

    git config --global --edit

After doing this, you may fix the identity used for this commit with:

    git commit --amend --reset-author

 3 files changed, 235 insertions(+)
 create mode 100644 Account.java
 create mode 100644 Book.java
 create mode 100644 Emp.java
[nishant.inamdar@DM1379 Day3]$ git remote
origin
[nishant.inamdar@DM1379 Day3]$ git branch
* main
[nishant.inamdar@DM1379 Day3]$ git push origin main
Username for 'https://github.com': nishantinamdar0422
Password for 'https://nishantinamdar0422@github.com': 
Enumerating objects: 6, done.
Counting objects: 100% (6/6), done.
Delta compression using up to 4 threads
Compressing objects: 100% (5/5), done.
Writing objects: 100% (5/5), 2.36 KiB | 2.36 MiB/s, done.
Total 5 (delta 0), reused 0 (delta 0)
To https://github.com/nishantinamdar0422/Day3.git
   2c467a0..6ff7c9f  main -> main
[nishant.inamdar@DM1379 Day3]$ vi f1.doc
[nishant.inamdar@DM1379 Day3]$ vi f2.doc
[nishant.inamdar@DM1379 Day3]$ git status
On branch main
Your branch is up to date with 'origin/main'.

Untracked files:
  (use "git add <file>..." to include in what will be committed)

	f1.doc
	f2.doc

nothing added to commit but untracked files present (use "git add" to track)
[nishant.inamdar@DM1379 Day3]$ vi .gitignore
[nishant.inamdar@DM1379 Day3]$ git status
On branch main
Your branch is up to date with 'origin/main'.

Untracked files:
  (use "git add <file>..." to include in what will be committed)

	.gitignore

nothing added to commit but untracked files present (use "git add" to track)
[nishant.inamdar@DM1379 Day3]$ git commit -m "Git ignore added!!!"
git commit -m "Git ignore addedgit status!"
On branch main
Your branch is up to date with 'origin/main'.

Untracked files:
	.gitignore

nothing added to commit but untracked files present
[nishant.inamdar@DM1379 Day3]$ git add .
[nishant.inamdar@DM1379 Day3]$ git status
On branch main
Your branch is up to date with 'origin/main'.

Changes to be committed:
  (use "git reset HEAD <file>..." to unstage)

	new file:   .gitignore

[nishant.inamdar@DM1379 Day3]$ git push -a origin main
error: unknown switch `a'
usage: git push [<options>] [<repository> [<refspec>...]]

    -v, --verbose         be more verbose
    -q, --quiet           be more quiet
    --repo <repository>   repository
    --all                 push all refs
    --mirror              mirror all refs
    -d, --delete          delete refs
    --tags                push tags (can't be used with --all or --mirror)
    -n, --dry-run         dry run
    --porcelain           machine-readable output
    -f, --force           force updates
    --force-with-lease[=<refname>:<expect>]
                          require old value of ref to be at this value
    --recurse-submodules[=(check|on-demand|no)]
                          control recursive pushing of submodules
    --thin                use thin pack
    --receive-pack <receive-pack>
                          receive pack program
    --exec <receive-pack>
                          receive pack program
    -u, --set-upstream    set upstream for git pull/status
    --progress            force progress reporting
    --prune               prune locally removed refs
    --no-verify           bypass pre-push hook
    --follow-tags         push missing but relevant tags
    --signed[=(yes|no|if-asked)]
                          GPG sign the push
    --atomic              request atomic transaction on remote side
    -o, --push-option <server-specific>
                          option to transmit
    -4, --ipv4            use IPv4 addresses only
    -6, --ipv6            use IPv6 addresses only

[nishant.inamdar@DM1379 Day3]$ git commit -m "Git ignore added!!!"
git commit -m "Git ignore addedgit push -a origin main!"
[main eac090f] Git ignore addedgit push -a origin main!
 Committer: Nishant Inamdar <nishant.inamdar@DM1379.datametica.com>
Your name and email address were configured automatically based
on your username and hostname. Please check that they are accurate.
You can suppress this message by setting them explicitly. Run the
following command and follow the instructions in your editor to edit
your configuration file:

    git config --global --edit

After doing this, you may fix the identity used for this commit with:

    git commit --amend --reset-author

 1 file changed, 1 insertion(+)
 create mode 100644 .gitignore
[nishant.inamdar@DM1379 Day3]$ git log -- graph
[nishant.inamdar@DM1379 Day3]$ git log --graph --abbrev-commit 
* commit eac090f (HEAD -> main)
| Author: Nishant Inamdar <nishant.inamdar@DM1379.datametica.com>
| Date:   Thu Nov 25 15:33:27 2021 +0530
| 
|     Git ignore addedgit push -a origin main!
| 
* commit 6ff7c9f (origin/main, origin/HEAD)
| Author: Nishant Inamdar <nishant.inamdar@DM1379.datametica.com>
| Date:   Thu Nov 25 15:28:34 2021 +0530
| 
|     Java files uploaded
| 
* commit 2c467a0
| Author: nishantinamdar0422 <94887196+nishantinamdar0422@users.noreply.github.com>
| Date:   Thu Nov 25 15:03:16 2021 +0530
| 
|     Create t4.txt
| 
* commit 9e9f7ea
| Author: nishantinamdar0422 <94887196+nishantinamdar0422@users.noreply.github.com>
| Date:   Thu Nov 25 15:02:39 2021 +0530
| 
|     Create t3.txt
| 
* commit bfd3028
| Author: nishantinamdar0422 <94887196+nishantinamdar0422@users.noreply.github.com>
| Date:   Thu Nov 25 15:00:42 2021 +0530
| 
|     Create t2.txt
| 
* commit a8c8e2c
| Author: nishantinamdar0422 <94887196+nishantinamdar0422@users.noreply.github.com>
| Date:   Thu Nov 25 14:59:10 2021 +0530
| 
|     Create t1.txt
| 
* commit 78d3309
  Author: Nishant Inamdar <nishant.inamdar@DM1379.datametica.com>
  Date:   Thu Nov 25 14:56:59 2021 +0530

[1]+  Stopped                 git log --graph --abbrev-commit
[nishant.inamdar@DM1379 Day3]$ git status
On branch main
Your branch is ahead of 'origin/main' by 1 commit.
  (use "git push" to publish your local commits)

nothing to commit, working tree clean
[nishant.inamdar@DM1379 Day3]$ git push origin main
Username for 'https://github.com': nishantinamdar0422
Password for 'https://nishantinamdar0422@github.com': 
Enumerating objects: 4, done.
Counting objects: 100% (4/4), done.
Delta compression using up to 4 threads
Compressing objects: 100% (2/2), done.
Writing objects: 100% (3/3), 313 bytes | 313.00 KiB/s, done.
Total 3 (delta 1), reused 0 (delta 0)
remote: Resolving deltas: 100% (1/1), completed with 1 local object.
To https://github.com/nishantinamdar0422/Day3.git
   6ff7c9f..eac090f  main -> main
[nishant.inamdar@DM1379 Day3]$ ls
Account.java  Book.java  Emp.java  f1.doc  f2.doc  README.md  t1.txt  t2.txt  t3.txt  t4.txt
[nishant.inamdar@DM1379 Day3]$ vi Book.java 
[nishant.inamdar@DM1379 Day3]$ git status
On branch main
Your branch is up to date with 'origin/main'.

Changes not staged for commit:
  (use "git add <file>..." to update what will be committed)
  (use "git checkout -- <file>..." to discard changes in working directory)

	modified:   Book.java

no changes added to commit (use "git add" and/or "git commit -a")
[nishant.inamdar@DM1379 Day3]$ git commit -a -M "Updated Book.java"
error: unknown switch `M'
usage: git commit [<options>] [--] <pathspec>...

    -q, --quiet           suppress summary after successful commit
    -v, --verbose         show diff in commit message template

Commit message options
    -F, --file <file>     read message from file
    --author <author>     override author for commit
    --date <date>         override date for commit
    -m, --message <message>
                          commit message
    -c, --reedit-message <commit>
                          reuse and edit message from specified commit
    -C, --reuse-message <commit>
                          reuse message from specified commit
    --fixup <commit>      use autosquash formatted message to fixup specified commit
    --squash <commit>     use autosquash formatted message to squash specified commit
    --reset-author        the commit is authored by me now (used with -C/-c/--amend)
    -s, --signoff         add Signed-off-by:
    -t, --template <file>
                          use specified template file
    -e, --edit            force edit of commit
    --cleanup <default>   how to strip spaces and #comments from message
    --status              include status in commit message template
    -S, --gpg-sign[=<key-id>]
                          GPG sign commit

Commit contents options
    -a, --all             commit all changed files
    -i, --include         add specified files to index for commit
    --interactive         interactively add files
    -p, --patch           interactively add changes
    -o, --only            commit only specified files
    -n, --no-verify       bypass pre-commit and commit-msg hooks
    --dry-run             show what would be committed
    --short               show status concisely
    --branch              show branch information
    --ahead-behind        compute full ahead/behind values
    --porcelain           machine-readable output
    --long                show status in long format (default)
    -z, --null            terminate entries with NUL
    --amend               amend previous commit
    --no-post-rewrite     bypass post-rewrite hook
    -u, --untracked-files[=<mode>]
                          show untracked files, optional modes: all, normal, no. (Default: all)

[nishant.inamdar@DM1379 Day3]$ git commit -a -m "Updated Book.java"
[main 619963d] Updated Book.java
 Committer: Nishant Inamdar <nishant.inamdar@DM1379.datametica.com>
Your name and email address were configured automatically based
on your username and hostname. Please check that they are accurate.
You can suppress this message by setting them explicitly. Run the
following command and follow the instructions in your editor to edit
your configuration file:

    git config --global --edit

After doing this, you may fix the identity used for this commit with:

    git commit --amend --reset-author

 1 file changed, 2 insertions(+), 2 deletions(-)
[nishant.inamdar@DM1379 Day3]$ git log --abbrev-commit 
commit 619963d (HEAD -> main)
Author: Nishant Inamdar <nishant.inamdar@DM1379.datametica.com>
Date:   Thu Nov 25 15:38:47 2021 +0530

    Updated Book.java

commit eac090f (origin/main, origin/HEAD)
Author: Nishant Inamdar <nishant.inamdar@DM1379.datametica.com>
Date:   Thu Nov 25 15:33:27 2021 +0530

    Git ignore addedgit push -a origin main!

commit 6ff7c9f
Author: Nishant Inamdar <nishant.inamdar@DM1379.datametica.com>
Date:   Thu Nov 25 15:28:34 2021 +0530

    Java files uploaded

commit 2c467a0
Author: nishantinamdar0422 <94887196+nishantinamdar0422@users.noreply.github.com>
Date:   Thu Nov 25 15:03:16 2021 +0530

    Create t4.txt

commit 9e9f7ea
Author: nishantinamdar0422 <94887196+nishantinamdar0422@users.noreply.github.com>
Date:   Thu Nov 25 15:02:39 2021 +0530

    Create t3.txt

commit bfd3028
Author: nishantinamdar0422 <94887196+nishantinamdar0422@users.noreply.github.com>
Date:   Thu Nov 25 15:00:42 2021 +0530

    Create t2.txt

commit a8c8e2c
Author: nishantinamdar0422 <94887196+nishantinamdar0422@users.noreply.github.com>
[nishant.inamdar@DM1379 Day3]$ 
[nishant.inamdar@DM1379 Day3]$ ls
Account.java  Book.java  Emp.java  f1.doc  f2.doc  README.md  t1.txt  t2.txt  t3.txt  t4.txt
[nishant.inamdar@DM1379 Day3]$ vi Emp.java 
[nishant.inamdar@DM1379 Day3]$ git status
On branch main
Your branch is ahead of 'origin/main' by 1 commit.
  (use "git push" to publish your local commits)

Changes not staged for commit:
  (use "git add <file>..." to update what will be committed)
  (use "git checkout -- <file>..." to discard changes in working directory)

	modified:   Emp.java

no changes added to commit (use "git add" and/or "git commit -a")
[nishant.inamdar@DM1379 Day3]$ git commit -a -m "Updated Emp.java"
[main 37e7439] Updated Emp.java
 Committer: Nishant Inamdar <nishant.inamdar@DM1379.datametica.com>
Your name and email address were configured automatically based
on your username and hostname. Please check that they are accurate.
You can suppress this message by setting them explicitly. Run the
following command and follow the instructions in your editor to edit
your configuration file:

    git config --global --edit

After doing this, you may fix the identity used for this commit with:

    git commit --amend --reset-author

 1 file changed, 3 insertions(+), 3 deletions(-)
[nishant.inamdar@DM1379 Day3]$ git log --abbrev-commit 
commit 37e7439 (HEAD -> main)
Author: Nishant Inamdar <nishant.inamdar@DM1379.datametica.com>
Date:   Thu Nov 25 15:41:44 2021 +0530

    Updated Emp.java

commit 619963d
Author: Nishant Inamdar <nishant.inamdar@DM1379.datametica.com>
Date:   Thu Nov 25 15:38:47 2021 +0530

    Updated Book.java

commit eac090f (origin/main, origin/HEAD)
Author: Nishant Inamdar <nishant.inamdar@DM1379.datametica.com>
Date:   Thu Nov 25 15:33:27 2021 +0530

    Git ignore addedgit push -a origin main!

commit 6ff7c9f
Author: Nishant Inamdar <nishant.inamdar@DM1379.datametica.com>
Date:   Thu Nov 25 15:28:34 2021 +0530

    Java files uploaded

commit 2c467a0
Author: nishantinamdar0422 <94887196+nishantinamdar0422@users.noreply.github.com>
Date:   Thu Nov 25 15:03:16 2021 +0530

    Create t4.txt

commit 9e9f7ea
Author: nishantinamdar0422 <94887196+nishantinamdar0422@users.noreply.github.com>
Date:   Thu Nov 25 15:02:39 2021 +0530

    Create t3.txt

commit bfd3028
Author: nishantinamdar0422 <94887196+nishantinamdar0422@users.noreply.github.com>
[nishant.inamdar@DM1379 Day3]$ git diff 37e7439 6ff7c9f
diff --git a/.gitignore b/.gitignore
deleted file mode 100644
index 5c51117..0000000
--- a/.gitignore
+++ /dev/null
@@ -1 +0,0 @@
-*.doc
diff --git a/Book.java b/Book.java
index 108c753..ed7874e 100644
--- a/Book.java
+++ b/Book.java
@@ -39,9 +39,9 @@ class MainClass
     }
 
     public static void displayBooks(Book[] books) {
-       // System.out.println("-----------------------------------------------");
+        System.out.println("-----------------------------------------------");
         System.out.println("Book Title\t\t\tBook Price");
-        //System.out.println("-----------------------------------------------");
+        System.out.println("-----------------------------------------------");
 
         for(Book b:books)
         {
diff --git a/Emp.java b/Emp.java
index 07617a8..0258f30 100644
--- a/Emp.java
+++ b/Emp.java
@@ -62,19 +62,19 @@ public class Emp {
     }
     void printDET()
     {
-        
+        System.out.println("---------------------");
         System.out.println("Employee details:");
         System.out.println("Employee Id: "+getEmpId());
         System.out.println("Employee Name: "+getEmpName());
         System.out.println("Employee Designation: "+getDesignation());
         System.out.println("Employee Basic Pay: "+getBasic());
[nishant.inamdar@DM1379 Day3]$ git branch developer
[nishant.inamdar@DM1379 Day3]$ git branch
  developer
* main
[nishant.inamdar@DM1379 Day3]$ git checkout developer 
Switched to branch 'developer'
[nishant.inamdar@DM1379 Day3]$ ls
Account.java  Book.java  Emp.java  f1.doc  f2.doc  README.md  t1.txt  t2.txt  t3.txt  t4.txt
[nishant.inamdar@DM1379 Day3]$ vi Account.java 
[nishant.inamdar@DM1379 Day3]$ git status
On branch developer
Changes not staged for commit:
  (use "git add <file>..." to update what will be committed)
  (use "git checkout -- <file>..." to discard changes in working directory)

	modified:   Account.java

no changes added to commit (use "git add" and/or "git commit -a")
[nishant.inamdar@DM1379 Day3]$ git commit -a -m "Account.java updated by developer"
[developer e039349] Account.java updated by developer
 Committer: Nishant Inamdar <nishant.inamdar@DM1379.datametica.com>
Your name and email address were configured automatically based
on your username and hostname. Please check that they are accurate.
You can suppress this message by setting them explicitly. Run the
following command and follow the instructions in your editor to edit
your configuration file:

    git config --global --edit

After doing this, you may fix the identity used for this commit with:

    git commit --amend --reset-author

 1 file changed, 2 insertions(+), 4 deletions(-)
[nishant.inamdar@DM1379 Day3]$ git log --abbrev-commit 
commit e039349 (HEAD -> developer)
Author: Nishant Inamdar <nishant.inamdar@DM1379.datametica.com>
Date:   Thu Nov 25 15:46:58 2021 +0530

    Account.java updated by developer

commit 37e7439 (main)
Author: Nishant Inamdar <nishant.inamdar@DM1379.datametica.com>
Date:   Thu Nov 25 15:41:44 2021 +0530

    Updated Emp.java

commit 619963d
Author: Nishant Inamdar <nishant.inamdar@DM1379.datametica.com>
Date:   Thu Nov 25 15:38:47 2021 +0530

    Updated Book.java

commit eac090f (origin/main, origin/HEAD)
Author: Nishant Inamdar <nishant.inamdar@DM1379.datametica.com>
Date:   Thu Nov 25 15:33:27 2021 +0530

    Git ignore addedgit push -a origin main!

commit 6ff7c9f
Author: Nishant Inamdar <nishant.inamdar@DM1379.datametica.com>
Date:   Thu Nov 25 15:28:34 2021 +0530

    Java files uploaded

commit 2c467a0
Author: nishantinamdar0422 <94887196+nishantinamdar0422@users.noreply.github.com>
Date:   Thu Nov 25 15:03:16 2021 +0530

    Create t4.txt

commit 9e9f7ea
Author: nishantinamdar0422 <94887196+nishantinamdar0422@users.noreply.github.com>
[nishant.inamdar@DM1379 Day3]$ git diff e039349 6ff7c9f
diff --git a/.gitignore b/.gitignore
deleted file mode 100644
index 5c51117..0000000
--- a/.gitignore
+++ /dev/null
@@ -1 +0,0 @@
-*.doc
diff --git a/Account.java b/Account.java
index 2bc517f..6d863bd 100644
--- a/Account.java
+++ b/Account.java
@@ -30,20 +30,22 @@ public class Account {
 
             BankAccount account = new BankAccount(accNo, custName, accountType, bal);
 
-           // System.out.println("----------------------------------");
+            System.out.println("----------------------------------");
             System.out.println("Customer Account opening details: ");
             System.out.println("Account Number: " + account.getAccNo());
             System.out.println("Customer Name: " + account.getCustName());
             System.out.println("Account Type: " + account.getAccType());
             System.out.println("Account Balance: " + account.getBalance());
+            System.out.println("----------------------------------");
 
             int choice;
             do {
+                System.out.println("----------------------------------");
                 System.out.println("Enter 1 to Deposit into account.");
                 System.out.println("Enter 2 for Withdrawl from account.");
                 System.out.println("Enter 3 for Account Balance.");
                 System.out.println("Enter 4 for Exit.");
-               // System.out.println("----------------------------------");
+                System.out.println("----------------------------------");
                 System.out.println("Enter your Choice: ");
                 choice = Integer.parseInt(br.readLine());
                 switch (choice) {
diff --git a/Book.java b/Book.java
index 108c753..ed7874e 100644
[nishant.inamdar@DM1379 Day3]$ git branch
* developer
  main
[nishant.inamdar@DM1379 Day3]$ git diff main
diff --git a/Account.java b/Account.java
index 6d863bd..2bc517f 100644
--- a/Account.java
+++ b/Account.java
@@ -30,22 +30,20 @@ public class Account {
 
             BankAccount account = new BankAccount(accNo, custName, accountType, bal);
 
-            System.out.println("----------------------------------");
+           // System.out.println("----------------------------------");
             System.out.println("Customer Account opening details: ");
             System.out.println("Account Number: " + account.getAccNo());
             System.out.println("Customer Name: " + account.getCustName());
             System.out.println("Account Type: " + account.getAccType());
             System.out.println("Account Balance: " + account.getBalance());
-            System.out.println("----------------------------------");
 
             int choice;
             do {
-                System.out.println("----------------------------------");
                 System.out.println("Enter 1 to Deposit into account.");
                 System.out.println("Enter 2 for Withdrawl from account.");
                 System.out.println("Enter 3 for Account Balance.");
                 System.out.println("Enter 4 for Exit.");
-                System.out.println("----------------------------------");
+               // System.out.println("----------------------------------");
                 System.out.println("Enter your Choice: ");
                 choice = Integer.parseInt(br.readLine());
                 switch (choice) {
[nishant.inamdar@DM1379 Day3]$ git remote
origin
[nishant.inamdar@DM1379 Day3]$ git push origin main
Username for 'https://github.com': nishantinamdar0422
Password for 'https://nishantinamdar0422@github.com': 
Enumerating objects: 9, done.
Counting objects: 100% (9/9), done.
Delta compression using up to 4 threads
Compressing objects: 100% (6/6), done.
Writing objects: 100% (6/6), 665 bytes | 665.00 KiB/s, done.
Total 6 (delta 4), reused 0 (delta 0)
remote: Resolving deltas: 100% (4/4), completed with 3 local objects.
To https://github.com/nishantinamdar0422/Day3.git
   eac090f..37e7439  main -> main
[nishant.inamdar@DM1379 Day3]$ git branch 
* developer
  main
[nishant.inamdar@DM1379 Day3]$ git push origin
fatal: The current branch developer has no upstream branch.
To push the current branch and set the remote as upstream, use

    git push --set-upstream origin developer

[nishant.inamdar@DM1379 Day3]$ git push https://github.com/nishantinamdar0422/Day3.git
Username for 'https://github.com': nishantinamdar0422
Password for 'https://nishantinamdar0422@github.com': 
Enumerating objects: 5, done.
Counting objects: 100% (5/5), done.
Delta compression using up to 4 threads
Compressing objects: 100% (3/3), done.
Writing objects: 100% (3/3), 342 bytes | 342.00 KiB/s, done.
Total 3 (delta 2), reused 0 (delta 0)
remote: Resolving deltas: 100% (2/2), completed with 2 local objects.
remote: 
remote: Create a pull request for 'developer' on GitHub by visiting:
remote:      https://github.com/nishantinamdar0422/Day3/pull/new/developer
remote: 
To https://github.com/nishantinamdar0422/Day3.git
 * [new branch]      developer -> developer
[nishant.inamdar@DM1379 Day3]$ git push -u origin developer 
Username for 'https://github.com': nishantinamdar0422
Password for 'https://nishantinamdar0422@github.com': 
Branch 'developer' set up to track remote branch 'developer' from 'origin'.
Everything up-to-date
[nishant.inamdar@DM1379 Day3]$ git branch remove developer 
[nishant.inamdar@DM1379 Day3]$ git branch
* developer
  main
  remove
[nishant.inamdar@DM1379 Day3]$ git branch -d remove
Deleted branch remove (was e039349).
[nishant.inamdar@DM1379 Day3]$ git branch -d developer 
error: Cannot delete branch 'developer' checked out at '/home/nishant.inamdar/Documents/Git/Day3'
[nishant.inamdar@DM1379 Day3]$ git checkout main
Switched to branch 'main'
Your branch is up to date with 'origin/main'.
[nishant.inamdar@DM1379 Day3]$ git branch -d developer 
warning: deleting branch 'developer' that has been merged to
         'refs/remotes/origin/developer', but not yet merged to HEAD.
Deleted branch developer (was e039349).
[nishant.inamdar@DM1379 Day3]$ git branch developer1
[nishant.inamdar@DM1379 Day3]$ git branch
  developer1
* main
[nishant.inamdar@DM1379 Day3]$ git checkout developer
Branch 'developer' set up to track remote branch 'developer' from 'origin'.
Switched to a new branch 'developer'
[nishant.inamdar@DM1379 Day3]$ git branch 
* developer
  developer1
  main
[nishant.inamdar@DM1379 Day3]$ git branch -d developer1
Deleted branch developer1 (was 37e7439).
[nishant.inamdar@DM1379 Day3]$ git checkout developer 
Already on 'developer'
Your branch is up to date with 'origin/developer'.
[nishant.inamdar@DM1379 Day3]$ ls
Account.java  Book.java  Emp.java  f1.doc  f2.doc  README.md  t1.txt  t2.txt  t3.txt  t4.txt
[nishant.inamdar@DM1379 Day3]$ vi Book.java 
[nishant.inamdar@DM1379 Day3]$ git status
On branch developer
Your branch is up to date with 'origin/developer'.

Changes not staged for commit:
  (use "git add <file>..." to update what will be committed)
  (use "git checkout -- <file>..." to discard changes in working directory)

	modified:   Book.java

no changes added to commit (use "git add" and/or "git commit -a")
[nishant.inamdar@DM1379 Day3]$ git commit -a -m "Book.java updated by dev"
[developer 705395e] Book.java updated by dev
 Committer: Nishant Inamdar <nishant.inamdar@DM1379.datametica.com>
Your name and email address were configured automatically based
on your username and hostname. Please check that they are accurate.
You can suppress this message by setting them explicitly. Run the
following command and follow the instructions in your editor to edit
your configuration file:

    git config --global --edit

After doing this, you may fix the identity used for this commit with:

    git commit --amend --reset-author

 1 file changed, 2 deletions(-)
[nishant.inamdar@DM1379 Day3]$ git diff --staged
[nishant.inamdar@DM1379 Day3]$ git diff
[nishant.inamdar@DM1379 Day3]$ vi t1
[nishant.inamdar@DM1379 Day3]$ ls
Account.java  Book.java  Emp.java  f1.doc  f2.doc  README.md  t1  t1.txt  t2.txt  t3.txt  t4.txt
[nishant.inamdar@DM1379 Day3]$ rm t1
[nishant.inamdar@DM1379 Day3]$ vi t1.txt 
[nishant.inamdar@DM1379 Day3]$ git diff t1.txt
diff --git a/t1.txt b/t1.txt
index b9f440b..9d7e0bd 100644
--- a/t1.txt
+++ b/t1.txt
@@ -1 +1,2 @@
 This is first text file
+one more line added in the first text file
[nishant.inamdar@DM1379 Day3]$ git branch
* developer
  main
[nishant.inamdar@DM1379 Day3]$ git push -u origin developer 
Username for 'https://github.com': nishantinamdar0422
Password for 'https://nishantinamdar0422@github.com': 
Enumerating objects: 5, done.
Counting objects: 100% (5/5), done.
Delta compression using up to 4 threads
Compressing objects: 100% (3/3), done.
Writing objects: 100% (3/3), 327 bytes | 327.00 KiB/s, done.
Total 3 (delta 2), reused 0 (delta 0)
remote: Resolving deltas: 100% (2/2), completed with 2 local objects.
To https://github.com/nishantinamdar0422/Day3.git
   e039349..705395e  developer -> developer
Branch 'developer' set up to track remote branch 'developer' from 'origin'.
[nishant.inamdar@DM1379 Day3]$ git branch
* developer
  main
[nishant.inamdar@DM1379 Day3]$ git checkout main
M	t1.txt
Switched to branch 'main'
Your branch is up to date with 'origin/main'.
[nishant.inamdar@DM1379 Day3]$ cp  ~/IdeaProjects/CoreJava/src/Assignment/Palindrome.java palindrome.java
[nishant.inamdar@DM1379 Day3]$ ls
Account.java  Book.java  Emp.java  f1.doc  f2.doc  palindrome.java  README.md  t1.txt  t2.txt  t3.txt  t4.txt
[nishant.inamdar@DM1379 Day3]$ git branch
  developer
* main
[nishant.inamdar@DM1379 Day3]$ git status
On branch main
Your branch is up to date with 'origin/main'.

Changes not staged for commit:
  (use "git add <file>..." to update what will be committed)
  (use "git checkout -- <file>..." to discard changes in working directory)

	modified:   t1.txt

Untracked files:
  (use "git add <file>..." to include in what will be committed)

	palindrome.java

no changes added to commit (use "git add" and/or "git commit -a")
[nishant.inamdar@DM1379 Day3]$ cat t1.txt
This is first text file
one more line added in the first text file
[nishant.inamdar@DM1379 Day3]$ git commit -a -m "Palindrome.java added from main branch"
[main 5758e94] Palindrome.java added from main branch
 Committer: Nishant Inamdar <nishant.inamdar@DM1379.datametica.com>
Your name and email address were configured automatically based
on your username and hostname. Please check that they are accurate.
You can suppress this message by setting them explicitly. Run the
following command and follow the instructions in your editor to edit
your configuration file:

    git config --global --edit

After doing this, you may fix the identity used for this commit with:

    git commit --amend --reset-author

 1 file changed, 1 insertion(+)
[nishant.inamdar@DM1379 Day3]$ git remote
origin
[nishant.inamdar@DM1379 Day3]$ git push origin main
Username for 'https://github.com': nishantinamdar0422
Password for 'https://nishantinamdar0422@github.com': 
To https://github.com/nishantinamdar0422/Day3.git
 ! [rejected]        main -> main (fetch first)
error: failed to push some refs to 'https://github.com/nishantinamdar0422/Day3.git'
hint: Updates were rejected because the remote contains work that you do
hint: not have locally. This is usually caused by another repository pushing
hint: to the same ref. You may want to first integrate the remote changes
hint: (e.g., 'git pull ...') before pushing again.
hint: See the 'Note about fast-forwards' in 'git push --help' for details.
[nishant.inamdar@DM1379 Day3]$ git pull https://github.com/nishantinamdar0422/Day3.git
remote: Enumerating objects: 1, done.
remote: Counting objects: 100% (1/1), done.
remote: Total 1 (delta 0), reused 0 (delta 0), pack-reused 0
Unpacking objects: 100% (1/1), done.
From https://github.com/nishantinamdar0422/Day3
 * branch            HEAD       -> FETCH_HEAD
Merge made by the 'recursive' strategy.
 Account.java | 6 ++----
 1 file changed, 2 insertions(+), 4 deletions(-)
[nishant.inamdar@DM1379 Day3]$ ls
Account.java  Book.java  Emp.java  f1.doc  f2.doc  palindrome.java  README.md  t1.txt  t2.txt  t3.txt  t4.txt
[nishant.inamdar@DM1379 Day3]$ git diff
[nishant.inamdar@DM1379 Day3]$ cat t1.txt
This is first text file
one more line added in the first text file
[nishant.inamdar@DM1379 Day3]$ vi palindrome.java 
[nishant.inamdar@DM1379 Day3]$ git status
On branch main
Your branch is ahead of 'origin/main' by 4 commits.
  (use "git push" to publish your local commits)

Untracked files:
  (use "git add <file>..." to include in what will be committed)

	palindrome.java

nothing added to commit but untracked files present (use "git add" to track)
[nishant.inamdar@DM1379 Day3]$ git commit -a -m "Palindrom.java file updated from main"
On branch main
Your branch is ahead of 'origin/main' by 4 commits.
  (use "git push" to publish your local commits)

Untracked files:
	palindrome.java

nothing added to commit but untracked files present
[nishant.inamdar@DM1379 Day3]$ git branch
  developer
* main
[nishant.inamdar@DM1379 Day3]$ git log
commit bcc8a4336c07bd1811e3e41d849b60257aee8b04 (HEAD -> main)
Merge: 5758e94 a957ba3
Author: Nishant Inamdar <nishant.inamdar@DM1379.datametica.com>
Date:   Thu Nov 25 16:09:23 2021 +0530

    Merge https://github.com/nishantinamdar0422/Day3 into main

commit 5758e9469bda7c65e07f7f520e844d0b2f9de5fa
Author: Nishant Inamdar <nishant.inamdar@DM1379.datametica.com>
Date:   Thu Nov 25 16:08:18 2021 +0530

    Palindrome.java added from main branch

commit a957ba33753115de9c37b5ec730b30af129f5b2e
Merge: 37e7439 e039349
Author: nishantinamdar0422 <94887196+nishantinamdar0422@users.noreply.github.com>
Date:   Thu Nov 25 15:55:47 2021 +0530

    Merge pull request #1 from nishantinamdar0422/developer
    
    Account.java updated by developer

commit e03934962bfb819c3edebcb71ddae12d83295152
Author: Nishant Inamdar <nishant.inamdar@DM1379.datametica.com>
Date:   Thu Nov 25 15:46:58 2021 +0530

    Account.java updated by developer

commit 37e7439d5f00eb097bc2c9bfdae251b98720616e (origin/main, origin/HEAD)
Author: Nishant Inamdar <nishant.inamdar@DM1379.datametica.com>
Date:   Thu Nov 25 15:41:44 2021 +0530

    Updated Emp.java

commit 619963dfb4318004d3a145f04dc4b05cf040b910
Author: Nishant Inamdar <nishant.inamdar@DM1379.datametica.com>
Date:   Thu Nov 25 15:38:47 2021 +0530

[nishant.inamdar@DM1379 Day3]$ 
[nishant.inamdar@DM1379 Day3]$ git log --graph --abbrev-commit 
*   commit bcc8a43 (HEAD -> main)
|\  Merge: 5758e94 a957ba3
| | Author: Nishant Inamdar <nishant.inamdar@DM1379.datametica.com>
| | Date:   Thu Nov 25 16:09:23 2021 +0530
| | 
| |     Merge https://github.com/nishantinamdar0422/Day3 into main
| |   
| *   commit a957ba3
| |\  Merge: 37e7439 e039349
| | | Author: nishantinamdar0422 <94887196+nishantinamdar0422@users.noreply.github.com>
| | | Date:   Thu Nov 25 15:55:47 2021 +0530
| | | 
| | |     Merge pull request #1 from nishantinamdar0422/developer
| | |     
| | |     Account.java updated by developer
| | | 
| | * commit e039349
| |/  Author: Nishant Inamdar <nishant.inamdar@DM1379.datametica.com>
| |   Date:   Thu Nov 25 15:46:58 2021 +0530
| |   
| |       Account.java updated by developer
| | 
* | commit 5758e94
|/  Author: Nishant Inamdar <nishant.inamdar@DM1379.datametica.com>
|   Date:   Thu Nov 25 16:08:18 2021 +0530
|   
|       Palindrome.java added from main branch
| 
* commit 37e7439 (origin/main, origin/HEAD)
| Author: Nishant Inamdar <nishant.inamdar@DM1379.datametica.com>
| Date:   Thu Nov 25 15:41:44 2021 +0530
| 
|     Updated Emp.java
| 
* commit 619963d
| Author: Nishant Inamdar <nishant.inamdar@DM1379.datametica.com>
| Date:   Thu Nov 25 15:38:47 2021 +0530
| 
[nishant.inamdar@DM1379 Day3]$ git status
On branch main
Your branch is ahead of 'origin/main' by 4 commits.
  (use "git push" to publish your local commits)

Untracked files:
  (use "git add <file>..." to include in what will be committed)

	palindrome.java

nothing added to commit but untracked files present (use "git add" to track)
[nishant.inamdar@DM1379 Day3]$ git push -u origin main
Username for 'https://github.com': nishantinamdar0422
Password for 'https://nishantinamdar0422@github.com': 
Enumerating objects: 9, done.
Counting objects: 100% (8/8), done.
Delta compression using up to 4 threads
Compressing objects: 100% (5/5), done.
Writing objects: 100% (5/5), 600 bytes | 600.00 KiB/s, done.
Total 5 (delta 2), reused 0 (delta 0)
remote: Resolving deltas: 100% (2/2), completed with 1 local object.
To https://github.com/nishantinamdar0422/Day3.git
   a957ba3..bcc8a43  main -> main
Branch 'main' set up to track remote branch 'main' from 'origin'.
[nishant.inamdar@DM1379 Day3]$ git log --graph --abbrev-commit 
*   commit bcc8a43 (HEAD -> main, origin/main, origin/HEAD)
|\  Merge: 5758e94 a957ba3
| | Author: Nishant Inamdar <nishant.inamdar@DM1379.datametica.com>
| | Date:   Thu Nov 25 16:09:23 2021 +0530
| | 
| |     Merge https://github.com/nishantinamdar0422/Day3 into main
| |   
| *   commit a957ba3
| |\  Merge: 37e7439 e039349
| | | Author: nishantinamdar0422 <94887196+nishantinamdar0422@users.noreply.github.com>
| | | Date:   Thu Nov 25 15:55:47 2021 +0530
| | | 
| | |     Merge pull request #1 from nishantinamdar0422/developer
| | |     
| | |     Account.java updated by developer
| | | 
| | * commit e039349
| |/  Author: Nishant Inamdar <nishant.inamdar@DM1379.datametica.com>
| |   Date:   Thu Nov 25 15:46:58 2021 +0530
| |   
| |       Account.java updated by developer
| | 
* | commit 5758e94
|/  Author: Nishant Inamdar <nishant.inamdar@DM1379.datametica.com>
|   Date:   Thu Nov 25 16:08:18 2021 +0530
|   
|       Palindrome.java added from main branch
| 
* commit 37e7439
| Author: Nishant Inamdar <nishant.inamdar@DM1379.datametica.com>
| Date:   Thu Nov 25 15:41:44 2021 +0530
| 
|     Updated Emp.java
| 
* commit 619963d
| Author: Nishant Inamdar <nishant.inamdar@DM1379.datametica.com>
| Date:   Thu Nov 25 15:38:47 2021 +0530
| 
[nishant.inamdar@DM1379 Day3]$ git status
On branch main
Your branch is up to date with 'origin/main'.

Untracked files:
  (use "git add <file>..." to include in what will be committed)

	palindrome.java

nothing added to commit but untracked files present (use "git add" to track)
[nishant.inamdar@DM1379 Day3]$ git commit -a -m "Palindrome.java added"
On branch main
Your branch is up to date with 'origin/main'.

Untracked files:
	palindrome.java

nothing added to commit but untracked files present
[nishant.inamdar@DM1379 Day3]$ git add .
[nishant.inamdar@DM1379 Day3]$ git status
On branch main
Your branch is up to date with 'origin/main'.

Changes to be committed:
  (use "git reset HEAD <file>..." to unstage)

	new file:   palindrome.java

[nishant.inamdar@DM1379 Day3]$ git commit -m "Palindrome.java file added"
[main 87cc1eb] Palindrome.java file added
 Committer: Nishant Inamdar <nishant.inamdar@DM1379.datametica.com>
Your name and email address were configured automatically based
on your username and hostname. Please check that they are accurate.
You can suppress this message by setting them explicitly. Run the
following command and follow the instructions in your editor to edit
your configuration file:

    git config --global --edit

After doing this, you may fix the identity used for this commit with:

    git commit --amend --reset-author

 1 file changed, 23 insertions(+)
 create mode 100644 palindrome.java
[nishant.inamdar@DM1379 Day3]$ git push origin main
Username for 'https://github.com': nishantinamdar0422
Password for 'https://nishantinamdar0422@github.com': 
Enumerating objects: 4, done.
Counting objects: 100% (4/4), done.
Delta compression using up to 4 threads
Compressing objects: 100% (3/3), done.
Writing objects: 100% (3/3), 561 bytes | 561.00 KiB/s, done.
Total 3 (delta 1), reused 0 (delta 0)
remote: Resolving deltas: 100% (1/1), completed with 1 local object.
To https://github.com/nishantinamdar0422/Day3.git
   bcc8a43..87cc1eb  main -> main
[nishant.inamdar@DM1379 Day3]$ ls
Account.java  Book.java  Emp.java  f1.doc  f2.doc  palindrome.java  README.md  t1.txt  t2.txt  t3.txt  t4.txt
[nishant.inamdar@DM1379 Day3]$ git branch
  developer
* main
[nishant.inamdar@DM1379 Day3]$ rm t1.txt t2.txt 
[nishant.inamdar@DM1379 Day3]$ ls
Account.java  Book.java  Emp.java  f1.doc  f2.doc  palindrome.java  README.md  t3.txt  t4.txt
[nishant.inamdar@DM1379 Day3]$ git status
On branch main
Your branch is up to date with 'origin/main'.

Changes not staged for commit:
  (use "git add/rm <file>..." to update what will be committed)
  (use "git checkout -- <file>..." to discard changes in working directory)

	deleted:    t1.txt
	deleted:    t2.txt

no changes added to commit (use "git add" and/or "git commit -a")
[nishant.inamdar@DM1379 Day3]$ git rm t1.txt t2.txt
rm 't1.txt'
rm 't2.txt'
[nishant.inamdar@DM1379 Day3]$ git status
On branch main
Your branch is up to date with 'origin/main'.

Changes to be committed:
  (use "git reset HEAD <file>..." to unstage)

	deleted:    t1.txt
	deleted:    t2.txt

[nishant.inamdar@DM1379 Day3]$ git checkout t1.txt
error: pathspec 't1.txt' did not match any file(s) known to git
[nishant.inamdar@DM1379 Day3]$ git log
commit 87cc1ebc7eecfa2a89bcca9b64e90320a9387110 (HEAD -> main, origin/main, origin/HEAD)
Author: Nishant Inamdar <nishant.inamdar@DM1379.datametica.com>
Date:   Thu Nov 25 16:16:52 2021 +0530

    Palindrome.java file added

commit bcc8a4336c07bd1811e3e41d849b60257aee8b04
Merge: 5758e94 a957ba3
Author: Nishant Inamdar <nishant.inamdar@DM1379.datametica.com>
Date:   Thu Nov 25 16:09:23 2021 +0530

    Merge https://github.com/nishantinamdar0422/Day3 into main

commit 5758e9469bda7c65e07f7f520e844d0b2f9de5fa
Author: Nishant Inamdar <nishant.inamdar@DM1379.datametica.com>
Date:   Thu Nov 25 16:08:18 2021 +0530

    Palindrome.java added from main branch

commit a957ba33753115de9c37b5ec730b30af129f5b2e
Merge: 37e7439 e039349
Author: nishantinamdar0422 <94887196+nishantinamdar0422@users.noreply.github.com>
Date:   Thu Nov 25 15:55:47 2021 +0530

    Merge pull request #1 from nishantinamdar0422/developer
    
    Account.java updated by developer

commit e03934962bfb819c3edebcb71ddae12d83295152
Author: Nishant Inamdar <nishant.inamdar@DM1379.datametica.com>
Date:   Thu Nov 25 15:46:58 2021 +0530

    Account.java updated by developer

commit 37e7439d5f00eb097bc2c9bfdae251b98720616e
Author: Nishant Inamdar <nishant.inamdar@DM1379.datametica.com>
Date:   Thu Nov 25 15:41:44 2021 +0530

[nishant.inamdar@DM1379 Day3]$ git status
On branch main
Your branch is up to date with 'origin/main'.

Changes to be committed:
  (use "git reset HEAD <file>..." to unstage)

	deleted:    t1.txt
	deleted:    t2.txt

[nishant.inamdar@DM1379 Day3]$ git commit -m "Deleted few files"
[main 796d2a3] Deleted few files
 Committer: Nishant Inamdar <nishant.inamdar@DM1379.datametica.com>
Your name and email address were configured automatically based
on your username and hostname. Please check that they are accurate.
You can suppress this message by setting them explicitly. Run the
following command and follow the instructions in your editor to edit
your configuration file:

    git config --global --edit

After doing this, you may fix the identity used for this commit with:

    git commit --amend --reset-author

 2 files changed, 3 deletions(-)
 delete mode 100644 t1.txt
 delete mode 100644 t2.txt
[nishant.inamdar@DM1379 Day3]$ git status
On branch main
Your branch is ahead of 'origin/main' by 1 commit.
  (use "git push" to publish your local commits)

nothing to commit, working tree clean
[nishant.inamdar@DM1379 Day3]$ git checkout 87cc1ebc7eecfa2a89bcca9b64e90320a9387110
Note: checking out '87cc1ebc7eecfa2a89bcca9b64e90320a9387110'.

You are in 'detached HEAD' state. You can look around, make experimental
changes and commit them, and you can discard any commits you make in this
state without impacting any branches by performing another checkout.

If you want to create a new branch to retain commits you create, you may
do so (now or later) by using -b with the checkout command again. Example:

  git checkout -b <new-branch-name>

HEAD is now at 87cc1eb Palindrome.java file added
[nishant.inamdar@DM1379 Day3]$ ls
Account.java  Book.java  Emp.java  f1.doc  f2.doc  palindrome.java  README.md  t1.txt  t2.txt  t3.txt  t4.txt
[nishant.inamdar@DM1379 Day3]$ git status
HEAD detached at 87cc1eb
Changes not staged for commit:
  (use "git add/rm <file>..." to update what will be committed)
  (use "git checkout -- <file>..." to discard changes in working directory)

	deleted:    t2.txt

no changes added to commit (use "git add" and/or "git commit -a")
[nishant.inamdar@DM1379 Day3]$ git checkout d2.txt
error: pathspec 'd2.txt' did not match any file(s) known to git
[nishant.inamdar@DM1379 Day3]$ git checkout 87cc1ebc7eecfa2a89bcca9b64e90320a9387110 t2.txt
Updated 1 path from 2fbdbde
[nishant.inamdar@DM1379 Day3]$ ls
Account.java  Book.java  Emp.java  f1.doc  f2.doc  palindrome.java  README.md  t1.txt  t2.txt  t3.txt  t4.txt
[nishant.inamdar@DM1379 Day3]$ git branch
* (HEAD detached at 87cc1eb)
  developer
  main
[nishant.inamdar@DM1379 Day3]$ git checkout main
Previous HEAD position was 87cc1eb Palindrome.java file added
Switched to branch 'main'
Your branch is ahead of 'origin/main' by 1 commit.
  (use "git push" to publish your local commits)
[nishant.inamdar@DM1379 Day3]$ git push -u origin main
Username for 'https://github.com': nishantinamdar0422
Password for 'https://nishantinamdar0422@github.com': 
Enumerating objects: 3, done.
Counting objects: 100% (3/3), done.
Delta compression using up to 4 threads
Compressing objects: 100% (2/2), done.
Writing objects: 100% (2/2), 243 bytes | 243.00 KiB/s, done.
Total 2 (delta 1), reused 0 (delta 0)
remote: Resolving deltas: 100% (1/1), completed with 1 local object.
To https://github.com/nishantinamdar0422/Day3.git
   87cc1eb..796d2a3  main -> main
Branch 'main' set up to track remote branch 'main' from 'origin'.
[nishant.inamdar@DM1379 Day3]$ git log --graph --abbrev-commit 
* commit 796d2a3 (HEAD -> main, origin/main, origin/HEAD)
| Author: Nishant Inamdar <nishant.inamdar@DM1379.datametica.com>
| Date:   Thu Nov 25 16:22:22 2021 +0530
| 
|     Deleted few files
| 
* commit 87cc1eb
| Author: Nishant Inamdar <nishant.inamdar@DM1379.datametica.com>
| Date:   Thu Nov 25 16:16:52 2021 +0530
| 
|     Palindrome.java file added
|   
*   commit bcc8a43
|\  Merge: 5758e94 a957ba3
| | Author: Nishant Inamdar <nishant.inamdar@DM1379.datametica.com>
| | Date:   Thu Nov 25 16:09:23 2021 +0530
| | 
| |     Merge https://github.com/nishantinamdar0422/Day3 into main
| |   
| *   commit a957ba3
| |\  Merge: 37e7439 e039349
| | | Author: nishantinamdar0422 <94887196+nishantinamdar0422@users.noreply.github.com>
| | | Date:   Thu Nov 25 15:55:47 2021 +0530
| | | 
| | |     Merge pull request #1 from nishantinamdar0422/developer
| | |     
| | |     Account.java updated by developer
| | | 
| | * commit e039349
| |/  Author: Nishant Inamdar <nishant.inamdar@DM1379.datametica.com>
| |   Date:   Thu Nov 25 15:46:58 2021 +0530
| |   
| |       Account.java updated by developer
| | 
* | commit 5758e94
|/  Author: Nishant Inamdar <nishant.inamdar@DM1379.datametica.com>
|   Date:   Thu Nov 25 16:08:18 2021 +0530
|   
[nishant.inamdar@DM1379 Day3]$ ls
Account.java  Book.java  Emp.java  f1.doc  f2.doc  palindrome.java  README.md  t3.txt  t4.txt
[nishant.inamdar@DM1379 Day3]$ ^C
[nishant.inamdar@DM1379 Day3]$ git checkout 87cc1eb
Note: checking out '87cc1eb'.

You are in 'detached HEAD' state. You can look around, make experimental
changes and commit them, and you can discard any commits you make in this
state without impacting any branches by performing another checkout.

If you want to create a new branch to retain commits you create, you may
do so (now or later) by using -b with the checkout command again. Example:

  git checkout -b <new-branch-name>

HEAD is now at 87cc1eb Palindrome.java file added
[nishant.inamdar@DM1379 Day3]$ ls
Account.java  Book.java  Emp.java  f1.doc  f2.doc  palindrome.java  README.md  t1.txt  t2.txt  t3.txt  t4.txt
[nishant.inamdar@DM1379 Day3]$ git checkout main
Previous HEAD position was 87cc1eb Palindrome.java file added
Switched to branch 'main'
Your branch is up to date with 'origin/main'.
[nishant.inamdar@DM1379 Day3]$ git status
On branch main
Your branch is up to date with 'origin/main'.

nothing to commit, working tree clean
[nishant.inamdar@DM1379 Day3]$ 

