[vaibhav.dubewar@DM1378 Documents]$ git clone https://github.com/vaibhav-at-dm/Day3Lab.git
fatal: destination path 'Day3Lab' already exists and is not an empty directory.
[vaibhav.dubewar@DM1378 Documents]$ git clone https://github.com/vaibhav-at-dm/Day3Lab.git
Cloning into 'Day3Lab'...
remote: Enumerating objects: 15, done.
remote: Counting objects: 100% (15/15), done.
remote: Compressing objects: 100% (9/9), done.
remote: Total 15 (delta 3), reused 0 (delta 0), pack-reused 0
Unpacking objects: 100% (15/15), done.

[vaibhav.dubewar@DM1378 Documents]$ cd Day3Lab
[vaibhav.dubewar@DM1378 Day3Lab]$ git init 
Reinitialized existing Git repository in /home/vaibhav.dubewar/Documents/Day3Lab/.git/
[vaibhav.dubewar@DM1378 Day3Lab]$ git remote
origin
[vaibhav.dubewar@DM1378 Day3Lab]$ git remote add day3 https://github.com/vaibhav-at-dm/Day3Lab.git
[vaibhav.dubewar@DM1378 Day3Lab]$ git remote
day3
origin
[vaibhav.dubewar@DM1378 Day3Lab]$ git remove remote origin
git: 'remove' is not a git command. See 'git --help'.

The most similar command is
	remote
[vaibhav.dubewar@DM1378 Day3Lab]$ git remote remove origin
[vaibhav.dubewar@DM1378 Day3Lab]$ git remote
day3
[vaibhav.dubewar@DM1378 Day3Lab]$ git status 
On branch main
Untracked files:
  (use "git add <file>..." to include in what will be committed)

	AccessDemo.java
	ArrayDemo.java
	Calculator.java

nothing added to commit but untracked files present (use "git add" to track)
[vaibhav.dubewar@DM1378 Day3Lab]$ git push day3 master
error: src refspec master does not match any
error: failed to push some refs to 'https://github.com/vaibhav-at-dm/Day3Lab.git'
[vaibhav.dubewar@DM1378 Day3Lab]$ git push -u day3 master
error: src refspec master does not match any
error: failed to push some refs to 'https://github.com/vaibhav-at-dm/Day3Lab.git'
[vaibhav.dubewar@DM1378 Day3Lab]$ git add .
[vaibhav.dubewar@DM1378 Day3Lab]$ git push day3 master
error: src refspec master does not match any
error: failed to push some refs to 'https://github.com/vaibhav-at-dm/Day3Lab.git'
[vaibhav.dubewar@DM1378 Day3Lab]$ git commit -m "Java to remote"
[main 3ffbe5b] Java to remote
 Committer: Vaibhav Dubewar <vaibhav.dubewar@DM1378.datametica.com>
Your name and email address were configured automatically based
on your username and hostname. Please check that they are accurate.
You can suppress this message by setting them explicitly. Run the
following command and follow the instructions in your editor to edit
your configuration file:

    git config --global --edit

After doing this, you may fix the identity used for this commit with:

    git commit --amend --reset-author

 3 files changed, 104 insertions(+)
 create mode 100644 AccessDemo.java
 create mode 100644 ArrayDemo.java
 create mode 100644 Calculator.java
[vaibhav.dubewar@DM1378 Day3Lab]$ git push day3 master
error: src refspec master does not match any
error: failed to push some refs to 'https://github.com/vaibhav-at-dm/Day3Lab.git'
[vaibhav.dubewar@DM1378 Day3Lab]$ git push day3 
fatal: The current branch main has no upstream branch.
To push the current branch and set the remote as upstream, use

    git push --set-upstream day3 main

[vaibhav.dubewar@DM1378 Day3Lab]$ git push day3 main
Username for 'https://github.com': ^Z
[1]+  Stopped                 git push day3 main
[vaibhav.dubewar@DM1378 Day3Lab]$ git status
On branch main
nothing to commit, working tree clean
[vaibhav.dubewar@DM1378 Day3Lab]$ git push day3 main
Username for 'https://github.com': vaibhav-at-dm
Password for 'https://vaibhav-at-dm@github.com': 
Enumerating objects: 6, done.
Counting objects: 100% (6/6), done.
Delta compression using up to 4 threads
Compressing objects: 100% (5/5), done.
Writing objects: 100% (5/5), 1.44 KiB | 738.00 KiB/s, done.
Total 5 (delta 0), reused 0 (delta 0)
To https://github.com/vaibhav-at-dm/Day3Lab.git
   29ad01c..3ffbe5b  main -> main
[vaibhav.dubewar@DM1378 Day3Lab]$ touch d1.doc d2.doc
[vaibhav.dubewar@DM1378 Day3Lab]$ ls
AccessDemo.java  Calculator.java  d2.doc  t2.txt  t4.txt
ArrayDemo.java   d1.doc           t1.txt  t3.txt  t5.txt
[vaibhav.dubewar@DM1378 Day3Lab]$ git status 
On branch main
Untracked files:
  (use "git add <file>..." to include in what will be committed)

	d1.doc
	d2.doc

nothing added to commit but untracked files present (use "git add" to track)
[vaibhav.dubewar@DM1378 Day3Lab]$ touch .gitignore
[vaibhav.dubewar@DM1378 Day3Lab]$ gedit .gitignore
^Z
[2]+  Stopped                 gedit .gitignore
[vaibhav.dubewar@DM1378 Day3Lab]$ vi .gitignore
[vaibhav.dubewar@DM1378 Day3Lab]$ git add .gitignore
[vaibhav.dubewar@DM1378 Day3Lab]$ git status 
On branch main
Changes to be committed:
  (use "git reset HEAD <file>..." to unstage)

	new file:   .gitignore

[vaibhav.dubewar@DM1378 Day3Lab]$ git commit -m "Add GitIgnore"
[main 51c6149] Add GitIgnore
 Committer: Vaibhav Dubewar <vaibhav.dubewar@DM1378.datametica.com>
Your name and email address were configured automatically based
on your username and hostname. Please check that they are accurate.
You can suppress this message by setting them explicitly. Run the
following command and follow the instructions in your editor to edit
your configuration file:

    git config --global --edit

After doing this, you may fix the identity used for this commit with:

    git commit --amend --reset-author

 1 file changed, 1 insertion(+)
 create mode 100644 .gitignore
[vaibhav.dubewar@DM1378 Day3Lab]$ git status 
On branch main
nothing to commit, working tree clean
[vaibhav.dubewar@DM1378 Day3Lab]$ git status
On branch main
Changes not staged for commit:
  (use "git add <file>..." to update what will be committed)
  (use "git checkout -- <file>..." to discard changes in working directory)

	modified:   ArrayDemo.java

no changes added to commit (use "git add" and/or "git commit -a")
[2]+  Killed                  gedit .gitignore
[vaibhav.dubewar@DM1378 Day3Lab]$ git commit -a -m "Modify ArrayDemo.java"
[main ddeeb2c] Modify ArrayDemo.java
 Committer: Vaibhav Dubewar <vaibhav.dubewar@DM1378.datametica.com>
Your name and email address were configured automatically based
on your username and hostname. Please check that they are accurate.
You can suppress this message by setting them explicitly. Run the
following command and follow the instructions in your editor to edit
your configuration file:

    git config --global --edit

After doing this, you may fix the identity used for this commit with:

    git commit --amend --reset-author

 1 file changed, 2 insertions(+), 1 deletion(-)
[vaibhav.dubewar@DM1378 Day3Lab]$ git log
commit ddeeb2c622a23707b0c31875999cfedf22c4ad73 (HEAD -> main)
Author: Vaibhav Dubewar <vaibhav.dubewar@DM1378.datametica.com>
Date:   Thu Nov 25 15:05:09 2021 +0530

    Modify ArrayDemo.java

commit 51c6149ea6f29118bc041667b283158b318a914a
Author: Vaibhav Dubewar <vaibhav.dubewar@DM1378.datametica.com>
Date:   Thu Nov 25 15:01:19 2021 +0530

    Add GitIgnore

commit 3ffbe5b77284cb61aa27a0a8f823fe182c2b2d0d (day3/main)
Author: Vaibhav Dubewar <vaibhav.dubewar@DM1378.datametica.com>
Date:   Thu Nov 25 14:52:31 2021 +0530

    Java to remote

commit 29ad01c242abb49b9230a9f9d7bbcf24b8bd7a0a
Author: Vaibhav Dubewar <94887216+vaibhav-at-dm@users.noreply.github.com>
Date:   Thu Nov 25 14:32:25 2021 +0530

    Create t5.txt

commit 82cd8cd058b3f4aa309c1e486d334dabbd94d1d2
Author: Vaibhav Dubewar <94887216+vaibhav-at-dm@users.noreply.github.com>
Date:   Thu Nov 25 14:31:56 2021 +0530

    Create t4.txt

commit 876623c54d7c51360a533e45d19b1fade6e0b610
Author: Vaibhav Dubewar <94887216+vaibhav-at-dm@users.noreply.github.com>
Date:   Thu Nov 25 14:28:16 2021 +0530

    Create t3.txt

commit d90291214661681b9cc0d5b927e6b48009e16e20
Author: Vaibhav Dubewar <94887216+vaibhav-at-dm@users.noreply.github.com>
Date:   Thu Nov 25 14:27:29 2021 +0530

    Create t2.txt

commit 46760bb78c1693bbbdf17792ffcb9b56c6f9f1ea
Author: Vaibhav Dubewar <94887216+vaibhav-at-dm@users.noreply.github.com>

[2]+  Stopped                 git log
[vaibhav.dubewar@DM1378 Day3Lab]$ git diff 51c6149ea6f29118bc041667b283158b318a914a
diff --git a/ArrayDemo.java b/ArrayDemo.java
index 5e96a10..d89a3ee 100644
--- a/ArrayDemo.java
+++ b/ArrayDemo.java
@@ -7,7 +7,7 @@ public class ArrayDemo {
         arr1 = new int[]{10,20,30};
 //        arr1[0] = 10;
 //        arr1[1] = 20;
-//        arr1[2] = 30;
+//        arr1[2] = 40;
 
         for (int i = 0;i< arr1.length;i++)
         {
@@ -43,5 +43,6 @@ public class ArrayDemo {
             }
             System.out.println();
         }
+// Checking Git Modification
     }
 }
[vaibhav.dubewar@DM1378 Day3Lab]$ git status
On branch main
Changes not staged for commit:
  (use "git add/rm <file>..." to update what will be committed)
  (use "git checkout -- <file>..." to discard changes in working directory)

	deleted:    AccessDemo.java

no changes added to commit (use "git add" and/or "git commit -a")
[vaibhav.dubewar@DM1378 Day3Lab]$ git commit -m "Delete Java File"
On branch main
Changes not staged for commit:
	deleted:    AccessDemo.java

no changes added to commit
[vaibhav.dubewar@DM1378 Day3Lab]$ git rm AccessDemo.java
rm 'AccessDemo.java'
[vaibhav.dubewar@DM1378 Day3Lab]$ git status
On branch main
Changes to be committed:
  (use "git reset HEAD <file>..." to unstage)

	deleted:    AccessDemo.java

[vaibhav.dubewar@DM1378 Day3Lab]$ git commit -m "Delete Java File AccessDemo.java"
[main a8df58f] Delete Java File AccessDemo.java
 Committer: Vaibhav Dubewar <vaibhav.dubewar@DM1378.datametica.com>
Your name and email address were configured automatically based
on your username and hostname. Please check that they are accurate.
You can suppress this message by setting them explicitly. Run the
following command and follow the instructions in your editor to edit
your configuration file:

    git config --global --edit

After doing this, you may fix the identity used for this commit with:

    git commit --amend --reset-author

 1 file changed, 28 deletions(-)
 delete mode 100644 AccessDemo.java
[vaibhav.dubewar@DM1378 Day3Lab]$ git diff a8df58f
[vaibhav.dubewar@DM1378 Day3Lab]$ git log
commit a8df58f88787c0587264ba6301c72f2b7ceb6902 (HEAD -> main)
Author: Vaibhav Dubewar <vaibhav.dubewar@DM1378.datametica.com>
Date:   Thu Nov 25 15:32:50 2021 +0530

    Delete Java File AccessDemo.java

commit ddeeb2c622a23707b0c31875999cfedf22c4ad73
Author: Vaibhav Dubewar <vaibhav.dubewar@DM1378.datametica.com>
Date:   Thu Nov 25 15:05:09 2021 +0530

    Modify ArrayDemo.java

commit 51c6149ea6f29118bc041667b283158b318a914a
Author: Vaibhav Dubewar <vaibhav.dubewar@DM1378.datametica.com>
Date:   Thu Nov 25 15:01:19 2021 +0530

    Add GitIgnore

commit 3ffbe5b77284cb61aa27a0a8f823fe182c2b2d0d (day3/main)
Author: Vaibhav Dubewar <vaibhav.dubewar@DM1378.datametica.com>
Date:   Thu Nov 25 14:52:31 2021 +0530

    Java to remote

commit 29ad01c242abb49b9230a9f9d7bbcf24b8bd7a0a
Author: Vaibhav Dubewar <94887216+vaibhav-at-dm@users.noreply.github.com>
Date:   Thu Nov 25 14:32:25 2021 +0530

    Create t5.txt

commit 82cd8cd058b3f4aa309c1e486d334dabbd94d1d2
Author: Vaibhav Dubewar <94887216+vaibhav-at-dm@users.noreply.github.com>
Date:   Thu Nov 25 14:31:56 2021 +0530

    Create t4.txt

commit 876623c54d7c51360a533e45d19b1fade6e0b610
Author: Vaibhav Dubewar <94887216+vaibhav-at-dm@users.noreply.github.com>
Date:   Thu Nov 25 14:28:16 2021 +0530

    Create t3.txt

commit d90291214661681b9cc0d5b927e6b48009e16e20
Author: Vaibhav Dubewar <94887216+vaibhav-at-dm@users.noreply.github.com>
Date:   Thu Nov 25 14:27:29 2021 +0530

    Create t2.txt

commit 46760bb78c1693bbbdf17792ffcb9b56c6f9f1ea
Author: Vaibhav Dubewar <94887216+vaibhav-at-dm@users.noreply.github.com>
Date:   Thu Nov 25 14:26:57 2021 +0530

    Create t1.txt

[3]+  Stopped                 git log
[vaibhav.dubewar@DM1378 Day3Lab]$ git diff ddeeb2c622a23707b0c31875999cfedf22c4ad73
diff --git a/AccessDemo.java b/AccessDemo.java
deleted file mode 100644
index db8d0b7..0000000
--- a/AccessDemo.java
+++ /dev/null
@@ -1,28 +0,0 @@
-package MyPack;
-
-public class AccessDemo {
-    private void show()
-    {
-        System.out.println("Show() with private access");
-    }
-    void display()
-    {
-        System.out.println("display() with default access");
-    }     // default
-    protected void print()
-    {
-        System.out.println("print() with protected access");
-    }
-    public void myMethod()
-    {
-        System.out.println("myMethod() with public access");
-    }
-
-    public static void main(String[] args) {
-        AccessDemo obj = new AccessDemo();
-        obj.show();
-        obj.display();
-        obj.print();
-        obj.myMethod();
-    }
-}
[vaibhav.dubewar@DM1378 Day3Lab]$ git status
On branch main
Untracked files:
  (use "git add <file>..." to include in what will be committed)

	WrapperDemo.java

nothing added to commit but untracked files present (use "git add" to track)
[vaibhav.dubewar@DM1378 Day3Lab]$ git add WrapperDemo.java
[vaibhav.dubewar@DM1378 Day3Lab]$ git status 
On branch main
Changes to be committed:
  (use "git reset HEAD <file>..." to unstage)

	new file:   WrapperDemo.java

[vaibhav.dubewar@DM1378 Day3Lab]$ git commit -m "Add WrapperDemo.java"
[main 67e43a2] Add WrapperDemo.java
 Committer: Vaibhav Dubewar <vaibhav.dubewar@DM1378.datametica.com>
Your name and email address were configured automatically based
on your username and hostname. Please check that they are accurate.
You can suppress this message by setting them explicitly. Run the
following command and follow the instructions in your editor to edit
your configuration file:

    git config --global --edit

After doing this, you may fix the identity used for this commit with:

    git commit --amend --reset-author

 1 file changed, 34 insertions(+)
 create mode 100644 WrapperDemo.java
[vaibhav.dubewar@DM1378 Day3Lab]$ git log
commit 67e43a228a9ef9f81cb0a89d952e2572dd39e3f1 (HEAD -> main)
Author: Vaibhav Dubewar <vaibhav.dubewar@DM1378.datametica.com>
Date:   Thu Nov 25 15:44:46 2021 +0530

    Add WrapperDemo.java

commit a8df58f88787c0587264ba6301c72f2b7ceb6902
Author: Vaibhav Dubewar <vaibhav.dubewar@DM1378.datametica.com>
Date:   Thu Nov 25 15:32:50 2021 +0530

    Delete Java File AccessDemo.java

commit ddeeb2c622a23707b0c31875999cfedf22c4ad73
Author: Vaibhav Dubewar <vaibhav.dubewar@DM1378.datametica.com>
Date:   Thu Nov 25 15:05:09 2021 +0530

    Modify ArrayDemo.java

commit 51c6149ea6f29118bc041667b283158b318a914a
Author: Vaibhav Dubewar <vaibhav.dubewar@DM1378.datametica.com>
Date:   Thu Nov 25 15:01:19 2021 +0530

    Add GitIgnore

commit 3ffbe5b77284cb61aa27a0a8f823fe182c2b2d0d (day3/main)
Author: Vaibhav Dubewar <vaibhav.dubewar@DM1378.datametica.com>
Date:   Thu Nov 25 14:52:31 2021 +0530

    Java to remote

commit 29ad01c242abb49b9230a9f9d7bbcf24b8bd7a0a
Author: Vaibhav Dubewar <94887216+vaibhav-at-dm@users.noreply.github.com>
Date:   Thu Nov 25 14:32:25 2021 +0530

    Create t5.txt

commit 82cd8cd058b3f4aa309c1e486d334dabbd94d1d2
Author: Vaibhav Dubewar <94887216+vaibhav-at-dm@users.noreply.github.com>
Date:   Thu Nov 25 14:31:56 2021 +0530

    Create t4.txt

commit 876623c54d7c51360a533e45d19b1fade6e0b610
Author: Vaibhav Dubewar <94887216+vaibhav-at-dm@users.noreply.github.com>

[vaibhav.dubewar@DM1378 Day3Lab]$ git diff a8df58f88787c0587264ba6301c72f2b7ceb6902
diff --git a/WrapperDemo.java b/WrapperDemo.java
new file mode 100644
index 0000000..b89cee6
--- /dev/null
+++ b/WrapperDemo.java
@@ -0,0 +1,34 @@
+package day3Java;
+
+public class WrapperDemo {
+    public static void main(String[] args) {
+        Integer obj1  = new Integer(10);  // Boxing
+        System.out.println("Obj1 : " + obj1);
+
+        Float obj2 = new Float("10.32F");   // Boxing or Float obj2 = new Float(10.32F); or Float obj2 = new Float(10.32);
+        System.out.println("Obj2 : " + obj2);
+
+        Double obj3  = new Double(35628.765);  // Boxing
+        System.out.println("Obj3 : " + obj3);
+
+        int a = obj1.intValue();   // unboxing into primitive
+        obj1 = new Integer(a + 20);  // Boxing (Wrapping)  This was to do before JDK5
+
+        //After JDK5 we can perform operations directly
+        // Auto-unboxing and auto-boxing introduced
+        obj2 = obj2 + 30;
+        System.out.println("Obj2 : " + obj2);
+
+        Short obj4 = 10; // AutoBoxing
+        System.out.println("Obj4 : " + obj4);
+
+        Integer obj5 = 100; //
+        System.out.println("Obj5 : " + obj5);
+
+        System.out.println("Obj5 : " + obj5);
+
+//Added a new line
+       
+        // Check Out more about wrapper classes in diary
+    }
+}
[vaibhav.dubewar@DM1378 Day3Lab]$ git status
On branch main
Changes not staged for commit:
  (use "git add/rm <file>..." to update what will be committed)
  (use "git checkout -- <file>..." to discard changes in working directory)

	deleted:    WrapperDemo.java

no changes added to commit (use "git add" and/or "git commit -a")
[vaibhav.dubewar@DM1378 Day3Lab]$ git checkout WrapperDemo.java
Updated 1 path from the index
[vaibhav.dubewar@DM1378 Day3Lab]$ git status 
On branch main
nothing to commit, working tree clean
[vaibhav.dubewar@DM1378 Day3Lab]$ git remote
day3
[vaibhav.dubewar@DM1378 Day3Lab]$ git push day3 main
Username for 'https://github.com': vaibhav-at-dm
Password for 'https://vaibhav-at-dm@github.com': 
Enumerating objects: 13, done.
Counting objects: 100% (13/13), done.
Delta compression using up to 4 threads
Compressing objects: 100% (10/10), done.
Writing objects: 100% (11/11), 1.60 KiB | 408.00 KiB/s, done.
Total 11 (delta 5), reused 0 (delta 0)
remote: Resolving deltas: 100% (5/5), completed with 2 local objects.
To https://github.com/vaibhav-at-dm/Day3Lab.git
   3ffbe5b..67e43a2  main -> main
[vaibhav.dubewar@DM1378 Day3Lab]$ git status 
On branch main
Changes not staged for commit:
  (use "git add/rm <file>..." to update what will be committed)
  (use "git checkout -- <file>..." to discard changes in working directory)

	deleted:    ArrayDemo.java

no changes added to commit (use "git add" and/or "git commit -a")
[vaibhav.dubewar@DM1378 Day3Lab]$ git rm ArrayDemo.java
rm 'ArrayDemo.java'
[vaibhav.dubewar@DM1378 Day3Lab]$ git status 
On branch main
Changes to be committed:
  (use "git reset HEAD <file>..." to unstage)

	deleted:    ArrayDemo.java

[vaibhav.dubewar@DM1378 Day3Lab]$ git commit -m 
error: switch `m' requires a value
[vaibhav.dubewar@DM1378 Day3Lab]$ git commit 
Aborting commit due to empty commit message.
[vaibhav.dubewar@DM1378 Day3Lab]$ git commit -m "Delete arrayDemo.java"
[main f1248f2] Delete arrayDemo.java
 Committer: Vaibhav Dubewar <vaibhav.dubewar@DM1378.datametica.com>
Your name and email address were configured automatically based
on your username and hostname. Please check that they are accurate.
You can suppress this message by setting them explicitly. Run the
following command and follow the instructions in your editor to edit
your configuration file:

    git config --global --edit

After doing this, you may fix the identity used for this commit with:

    git commit --amend --reset-author

 1 file changed, 48 deletions(-)
 delete mode 100644 ArrayDemo.java
[vaibhav.dubewar@DM1378 Day3Lab]$ git pull https://github.com/vaibhav-at-dm/Day3Lab.git main
From https://github.com/vaibhav-at-dm/Day3Lab
 * branch            main       -> FETCH_HEAD
Already up to date.
[vaibhav.dubewar@DM1378 Day3Lab]$ git pull https://github.com/vaibhav-at-dm/Day3Lab.git 
From https://github.com/vaibhav-at-dm/Day3Lab
 * branch            HEAD       -> FETCH_HEAD
Already up to date.
[vaibhav.dubewar@DM1378 Day3Lab]$ git fetch https://github.com/vaibhav-at-dm/Day3Lab.git
From https://github.com/vaibhav-at-dm/Day3Lab
 * branch            HEAD       -> FETCH_HEAD
[vaibhav.dubewar@DM1378 Day3Lab]$ git status
On branch main
nothing to commit, working tree clean
[vaibhav.dubewar@DM1378 Day3Lab]$ git fetch_head From https://github.com/vaibhav-at-dm/Day3Lab
git: 'fetch_head' is not a git command. See 'git --help'.
[vaibhav.dubewar@DM1378 Day3Lab]$ git pull --help

[4]+  Stopped                 git pull --help
[vaibhav.dubewar@DM1378 Day3Lab]$ git status 
On branch main
nothing to commit, working tree clean
[vaibhav.dubewar@DM1378 Day3Lab]$ git reset --hard day3/main
HEAD is now at 67e43a2 Add WrapperDemo.java
[vaibhav.dubewar@DM1378 Day3Lab]$ ls
ArrayDemo.java   d1.doc  t1.txt  t3.txt  t5.txt
Calculator.java  d2.doc  t2.txt  t4.txt  WrapperDemo.java
[vaibhav.dubewar@DM1378 Day3Lab]$ git log
commit 67e43a228a9ef9f81cb0a89d952e2572dd39e3f1 (HEAD -> main, day3/main)
Author: Vaibhav Dubewar <vaibhav.dubewar@DM1378.datametica.com>
Date:   Thu Nov 25 15:44:46 2021 +0530

    Add WrapperDemo.java

commit a8df58f88787c0587264ba6301c72f2b7ceb6902
Author: Vaibhav Dubewar <vaibhav.dubewar@DM1378.datametica.com>
Date:   Thu Nov 25 15:32:50 2021 +0530

    Delete Java File AccessDemo.java

commit ddeeb2c622a23707b0c31875999cfedf22c4ad73
Author: Vaibhav Dubewar <vaibhav.dubewar@DM1378.datametica.com>
Date:   Thu Nov 25 15:05:09 2021 +0530

    Modify ArrayDemo.java

commit 51c6149ea6f29118bc041667b283158b318a914a
Author: Vaibhav Dubewar <vaibhav.dubewar@DM1378.datametica.com>
Date:   Thu Nov 25 15:01:19 2021 +0530

    Add GitIgnore

commit 3ffbe5b77284cb61aa27a0a8f823fe182c2b2d0d
Author: Vaibhav Dubewar <vaibhav.dubewar@DM1378.datametica.com>
Date:   Thu Nov 25 14:52:31 2021 +0530

    Java to remote

commit 29ad01c242abb49b9230a9f9d7bbcf24b8bd7a0a
Author: Vaibhav Dubewar <94887216+vaibhav-at-dm@users.noreply.github.com>
Date:   Thu Nov 25 14:32:25 2021 +0530

    Create t5.txt

commit 82cd8cd058b3f4aa309c1e486d334dabbd94d1d2
Author: Vaibhav Dubewar <94887216+vaibhav-at-dm@users.noreply.github.com>
Date:   Thu Nov 25 14:31:56 2021 +0530

    Create t4.txt

commit 876623c54d7c51360a533e45d19b1fade6e0b610
Author: Vaibhav Dubewar <94887216+vaibhav-at-dm@users.noreply.github.com>
:
